Archive member included to satisfy reference by file (symbol)

/usr/lib/gcc/arm-none-eabi/10.3.1/thumb/v7e-m/nofp/libgcc.a(_arm_mulsf3.o)
                              build/py/formatfloat.o (__aeabi_fmul)
/usr/lib/gcc/arm-none-eabi/10.3.1/thumb/v7e-m/nofp/libgcc.a(_arm_addsubdf3.o)
                              build/py/binary.o (__aeabi_i2d)
/usr/lib/gcc/arm-none-eabi/10.3.1/thumb/v7e-m/nofp/libgcc.a(_arm_truncdfsf2.o)
                              build/py/mpprint.o (__aeabi_d2f)
/usr/lib/gcc/arm-none-eabi/10.3.1/thumb/v7e-m/nofp/libgcc.a(_arm_addsubsf3.o)
                              build/py/formatfloat.o (__aeabi_fsub)
/usr/lib/gcc/arm-none-eabi/10.3.1/thumb/v7e-m/nofp/libgcc.a(_arm_muldivsf3.o)
                              build/py/formatfloat.o (__aeabi_fdiv)
/usr/lib/gcc/arm-none-eabi/10.3.1/thumb/v7e-m/nofp/libgcc.a(_arm_cmpsf2.o)
                              build/py/objcomplex.o (__aeabi_fcmpeq)
/usr/lib/gcc/arm-none-eabi/10.3.1/thumb/v7e-m/nofp/libgcc.a(_arm_unordsf2.o)
                              build/py/formatfloat.o (__aeabi_fcmpun)
/usr/lib/gcc/arm-none-eabi/10.3.1/thumb/v7e-m/nofp/libgcc.a(_arm_fixsfsi.o)
                              build/py/formatfloat.o (__aeabi_f2iz)

Discarded input sections

 .text          0x0000000000000000        0x0 build/py/mpstate.o
 .data          0x0000000000000000        0x0 build/py/mpstate.o
 .bss           0x0000000000000000        0x0 build/py/mpstate.o
 .text          0x0000000000000000        0x0 build/py/nlr.o
 .data          0x0000000000000000        0x0 build/py/nlr.o
 .bss           0x0000000000000000        0x0 build/py/nlr.o
 .text          0x0000000000000000        0x0 build/py/nlrx86.o
 .data          0x0000000000000000        0x0 build/py/nlrx86.o
 .bss           0x0000000000000000        0x0 build/py/nlrx86.o
 .debug_info    0x0000000000000000       0x79 build/py/nlrx86.o
 .debug_abbrev  0x0000000000000000       0x26 build/py/nlrx86.o
 .debug_aranges
                0x0000000000000000       0x18 build/py/nlrx86.o
 .debug_line    0x0000000000000000       0x1d build/py/nlrx86.o
 .debug_str     0x0000000000000000      0x1ac build/py/nlrx86.o
 .comment       0x0000000000000000       0x34 build/py/nlrx86.o
 .ARM.attributes
                0x0000000000000000       0x37 build/py/nlrx86.o
 .text          0x0000000000000000        0x0 build/py/nlrx64.o
 .data          0x0000000000000000        0x0 build/py/nlrx64.o
 .bss           0x0000000000000000        0x0 build/py/nlrx64.o
 .debug_info    0x0000000000000000       0x79 build/py/nlrx64.o
 .debug_abbrev  0x0000000000000000       0x26 build/py/nlrx64.o
 .debug_aranges
                0x0000000000000000       0x18 build/py/nlrx64.o
 .debug_line    0x0000000000000000       0x1d build/py/nlrx64.o
 .debug_str     0x0000000000000000      0x1ac build/py/nlrx64.o
 .comment       0x0000000000000000       0x34 build/py/nlrx64.o
 .ARM.attributes
                0x0000000000000000       0x37 build/py/nlrx64.o
 .text          0x0000000000000000        0x0 build/py/nlrthumb.o
 .data          0x0000000000000000        0x0 build/py/nlrthumb.o
 .bss           0x0000000000000000        0x0 build/py/nlrthumb.o
 .text          0x0000000000000000        0x0 build/py/nlraarch64.o
 .data          0x0000000000000000        0x0 build/py/nlraarch64.o
 .bss           0x0000000000000000        0x0 build/py/nlraarch64.o
 .debug_info    0x0000000000000000       0x79 build/py/nlraarch64.o
 .debug_abbrev  0x0000000000000000       0x26 build/py/nlraarch64.o
 .debug_aranges
                0x0000000000000000       0x18 build/py/nlraarch64.o
 .debug_line    0x0000000000000000       0x1d build/py/nlraarch64.o
 .debug_str     0x0000000000000000      0x1b0 build/py/nlraarch64.o
 .comment       0x0000000000000000       0x34 build/py/nlraarch64.o
 .ARM.attributes
                0x0000000000000000       0x37 build/py/nlraarch64.o
 .text          0x0000000000000000        0x0 build/py/nlrpowerpc.o
 .data          0x0000000000000000        0x0 build/py/nlrpowerpc.o
 .bss           0x0000000000000000        0x0 build/py/nlrpowerpc.o
 .debug_info    0x0000000000000000       0x79 build/py/nlrpowerpc.o
 .debug_abbrev  0x0000000000000000       0x26 build/py/nlrpowerpc.o
 .debug_aranges
                0x0000000000000000       0x18 build/py/nlrpowerpc.o
 .debug_line    0x0000000000000000       0x1d build/py/nlrpowerpc.o
 .debug_str     0x0000000000000000      0x1b0 build/py/nlrpowerpc.o
 .comment       0x0000000000000000       0x34 build/py/nlrpowerpc.o
 .ARM.attributes
                0x0000000000000000       0x37 build/py/nlrpowerpc.o
 .text          0x0000000000000000        0x0 build/py/nlrxtensa.o
 .data          0x0000000000000000        0x0 build/py/nlrxtensa.o
 .bss           0x0000000000000000        0x0 build/py/nlrxtensa.o
 .debug_info    0x0000000000000000       0x79 build/py/nlrxtensa.o
 .debug_abbrev  0x0000000000000000       0x26 build/py/nlrxtensa.o
 .debug_aranges
[...]
Memory Configuration

Name             Origin             Length             Attributes
FLASH            0x0000000008000000 0x0000000000080000 xr
RAM              0x0000000020000000 0x0000000000020000 xrw
*default*        0x0000000000000000 0xffffffffffffffff

Linker script and memory map

                0x000000002001ffff                _estack = 0x2001ffff
                0x0000000000000200                _Min_Heap_Size = 0x200
                0x0000000000000400                _Min_Stack_Size = 0x400

.isr_vector     0x0000000008000000       0x40
                0x0000000008000000                . = ALIGN (0x4)
 *(.isr_vector)
 .isr_vector    0x0000000008000000       0x40 build/main.o
                0x0000000008000000                isr_vector
                0x0000000008000040                . = ALIGN (0x4)

.text           0x0000000008000040    0x110a8
                0x0000000008000040                . = ALIGN (0x4)
 *(.text)
 .text          0x0000000008000040      0x378 /usr/lib/gcc/arm-none-eabi/10.3.1/thumb/v7e-m/nofp/libgcc.a(_arm_addsubdf3.o)
                0x0000000008000040                __aeabi_drsub
                0x0000000008000048                __aeabi_dsub
                0x0000000008000048                __subdf3
                0x000000000800004c                __adddf3
                0x000000000800004c                __aeabi_dadd
                0x00000000080002c4                __aeabi_ui2d
                0x00000000080002c4                __floatunsidf
                0x00000000080002e4                __floatsidf
                0x00000000080002e4                __aeabi_i2d
                0x0000000008000308                __extendsfdf2
                0x0000000008000308                __aeabi_f2d
                0x000000000800034c                __aeabi_ul2d
                0x000000000800034c                __floatundidf
                0x000000000800035c                __floatdidf
                0x000000000800035c                __aeabi_l2d
 .text          0x00000000080003b8       0xa0 /usr/lib/gcc/arm-none-eabi/10.3.1/thumb/v7e-m/nofp/libgcc.a(_arm_truncdfsf2.o)
                0x00000000080003b8                __aeabi_d2f
                0x00000000080003b8                __truncdfsf2
 .text          0x0000000008000458      0x21c /usr/lib/gcc/arm-none-eabi/10.3.1/thumb/v7e-m/nofp/libgcc.a(_arm_addsubsf3.o)
                0x0000000008000458                __aeabi_frsub
                0x0000000008000460                __subsf3
                0x0000000008000460                __aeabi_fsub
                0x0000000008000464                __aeabi_fadd
                0x0000000008000464                __addsf3
                0x00000000080005c4                __aeabi_ui2f
                0x00000000080005c4                __floatunsisf
                0x00000000080005cc                __aeabi_i2f
                0x00000000080005cc                __floatsisf
                0x00000000080005e8                __floatundisf
                0x00000000080005e8                __aeabi_ul2f
                0x00000000080005f8                __floatdisf
                0x00000000080005f8                __aeabi_l2f
 .text          0x0000000008000674      0x2a0 /usr/lib/gcc/arm-none-eabi/10.3.1/thumb/v7e-m/nofp/libgcc.a(_arm_muldivsf3.o)
                0x0000000008000674                __mulsf3
                0x0000000008000674                __aeabi_fmul
                0x00000000080007dc                __divsf3
                0x00000000080007dc                __aeabi_fdiv
 .text          0x0000000008000914       0xec /usr/lib/gcc/arm-none-eabi/10.3.1/thumb/v7e-m/nofp/libgcc.a(_arm_cmpsf2.o)
                0x0000000008000914                __gtsf2
                0x0000000008000914                __gesf2
                0x000000000800091c                __lesf2
                0x000000000800091c                __ltsf2
                0x0000000008000924                __nesf2
                0x0000000008000924                __eqsf2
                0x0000000008000924                __cmpsf2
                0x0000000008000984                __aeabi_cfrcmple
                0x000000000800098c                __aeabi_cfcmple
                0x000000000800098c                __aeabi_cfcmpeq
                0x000000000800099c                __aeabi_fcmpeq
                0x00000000080009b0                __aeabi_fcmplt
                0x00000000080009c4                __aeabi_fcmple
                0x00000000080009d8                __aeabi_fcmpge
                0x00000000080009ec                __aeabi_fcmpgt
 .text          0x0000000008000a00       0x2c /usr/lib/gcc/arm-none-eabi/10.3.1/thumb/v7e-m/nofp/libgcc.a(_arm_unordsf2.o)
                0x0000000008000a00                __aeabi_fcmpun
                0x0000000008000a00                __unordsf2
 .text          0x0000000008000a2c       0x4c /usr/lib/gcc/arm-none-eabi/10.3.1/thumb/v7e-m/nofp/libgcc.a(_arm_fixsfsi.o)
                0x0000000008000a2c                __fixsfsi
                0x0000000008000a2c                __aeabi_f2iz
 *(.text*)
 .text.nlr_push_tail
                0x0000000008000a78       0x10 build/py/nlr.o
                0x0000000008000a78                nlr_push_tail
 .text.nlr_pop  0x0000000008000a88       0x10 build/py/nlr.o
                0x0000000008000a88                nlr_pop
 .text.nlr_push
                0x0000000008000a98       0x24 build/py/nlrthumb.o
                0x0000000008000a98                nlr_push
 .text.nlr_jump
                0x0000000008000abc       0x3c build/py/nlrthumb.o
                0x0000000008000abc                nlr_jump
 .text.m_malloc
                0x0000000008000af8       0x16 build/py/malloc.o
                0x0000000008000af8                m_malloc
 .text.m_malloc_maybe
                0x0000000008000b0e        0x6 build/py/malloc.o
                0x0000000008000b0e                m_malloc_maybe
 .text.m_malloc0
                0x0000000008000b14        0x4 build/py/malloc.o
                0x0000000008000b14                m_malloc0
 .text.m_realloc
                0x0000000008000b18       0x16 build/py/malloc.o
                0x0000000008000b18                m_realloc
 .text.m_realloc_maybe
                0x0000000008000b2e        0x4 build/py/malloc.o
                0x0000000008000b2e                m_realloc_maybe
 .text.m_free   0x0000000008000b32        0x4 build/py/malloc.o
                0x0000000008000b32                m_free
 *fill*         0x0000000008000b36        0x2 
 .text.gc_mark_subtree
                0x0000000008000b38       0xac build/py/gc.o
 .text.gc_init  0x0000000008000be4       0x38 build/py/gc.o
                0x0000000008000be4                gc_init
 .text.gc_lock  0x0000000008000c1c       0x10 build/py/gc.o
                0x0000000008000c1c                gc_lock
 .text.gc_unlock
                0x0000000008000c2c       0x10 build/py/gc.o
                0x0000000008000c2c                gc_unlock
 .text.gc_is_locked
                0x0000000008000c3c       0x10 build/py/gc.o
                0x0000000008000c3c                gc_is_locked
 .text.gc_collect_root
                0x0000000008000c4c       0x68 build/py/gc.o
                0x0000000008000c4c                gc_collect_root
 .text.gc_collect_start
                0x0000000008000cb4       0x1c build/py/gc.o
                0x0000000008000cb4                gc_collect_start
 .text.gc_collect_end
                0x0000000008000cd0       0xb0 build/py/gc.o
                0x0000000008000cd0                gc_collect_end
 .text.gc_alloc
                0x0000000008000d80      0x100 build/py/gc.o
                0x0000000008000d80                gc_alloc
 .text.gc_free  0x0000000008000e80       0x60 build/py/gc.o
                0x0000000008000e80                gc_free
 .text.gc_realloc
                0x0000000008000ee0      0x134 build/py/gc.o
                0x0000000008000ee0                gc_realloc
 .text.find_qstr
                0x0000000008001014       0x1c build/py/qstr.o
 .text.qstr_compute_hash
                0x0000000008001030       0x20 build/py/qstr.o
                0x0000000008001030                qstr_compute_hash
 .text.qstr_init
                0x0000000008001050       0x14 build/py/qstr.o
                0x0000000008001050                qstr_init
 .text.qstr_find_strn
                0x0000000008001064       0x58 build/py/qstr.o
                0x0000000008001064                qstr_find_strn
 .text.qstr_from_strn
                0x00000000080010bc      0x11c build/py/qstr.o
                0x00000000080010bc                qstr_from_strn
 .text.qstr_hash
                0x00000000080011d8       0x16 build/py/qstr.o
                0x00000000080011d8                qstr_hash
 .text.qstr_len
                0x00000000080011ee       0x16 build/py/qstr.o
                0x00000000080011ee                qstr_len
 .text.qstr_str
                0x0000000008001204       0x18 build/py/qstr.o
                0x0000000008001204                qstr_str
 .text.qstr_data
                0x000000000800121c       0x1e build/py/qstr.o
                0x000000000800121c                qstr_data
 *fill*         0x000000000800123a        0x2 
 .text.mp_decompress_rom_string
                0x000000000800123c       0x70 build/py/qstr.o
                0x000000000800123c                mp_decompress_rom_string
 .text.vstr_ensure_extra
                0x00000000080012ac       0x38 build/py/vstr.o
 .text.vstr_add_strn
                0x00000000080012e4       0x24 build/py/vstr.o
                0x00000000080012e4                vstr_add_strn
 .text.vstr_ins_blank_bytes.constprop.0
                0x0000000008001308       0x2e build/py/vstr.o
 .text.vstr_init
                0x0000000008001336       0x1c build/py/vstr.o
                0x0000000008001336                vstr_init
 .text.vstr_init_len
                0x0000000008001352       0x10 build/py/vstr.o
                0x0000000008001352                vstr_init_len
 .text.vstr_init_fixed_buf
                0x0000000008001362        0xe build/py/vstr.o
                0x0000000008001362                vstr_init_fixed_buf
 .text.vstr_init_print
                0x0000000008001370       0x18 build/py/vstr.o
                0x0000000008001370                vstr_init_print
 .text.vstr_clear
                0x0000000008001388       0x14 build/py/vstr.o
                0x0000000008001388                vstr_clear
 .text.vstr_extend
                0x000000000800139c       0x2c build/py/vstr.o
                0x000000000800139c                vstr_extend
 .text.vstr_add_len
                0x00000000080013c8       0x16 build/py/vstr.o
                0x00000000080013c8                vstr_add_len
 .text.vstr_null_terminated_str
                0x00000000080013de       0x1e build/py/vstr.o
                0x00000000080013de                vstr_null_terminated_str
 .text.vstr_add_byte
                0x00000000080013fc        0xe build/py/vstr.o
                0x00000000080013fc                vstr_add_byte
 .text.vstr_add_char
                0x000000000800140a        0x6 build/py/vstr.o
                0x000000000800140a                vstr_add_char
 .text.vstr_add_str
                0x0000000008001410       0x1a build/py/vstr.o
                0x0000000008001410                vstr_add_str
 .text.vstr_ins_byte
                0x000000000800142a        0xc build/py/vstr.o
                0x000000000800142a                vstr_ins_byte
 .text.vstr_ins_char
                0x0000000008001436        0xc build/py/vstr.o
                0x0000000008001436                vstr_ins_char
 .text.vstr_cut_tail_bytes
                0x0000000008001442        0xe build/py/vstr.o
                0x0000000008001442                vstr_cut_tail_bytes
 .text.vstr_cut_out_bytes
                0x0000000008001450       0x2c build/py/vstr.o
                0x0000000008001450                vstr_cut_out_bytes
 .text.plat_print_strn
                0x000000000800147c        0x8 build/py/mpprint.o
 .text.mp_print_str
                0x0000000008001484       0x1e build/py/mpprint.o
                0x0000000008001484                mp_print_str
 *fill*         0x00000000080014a2        0x2 
 .text.mp_print_strn
                0x00000000080014a4       0xbc build/py/mpprint.o
                0x00000000080014a4                mp_print_strn
 .text.mp_print_int
                0x0000000008001560       0xc4 build/py/mpprint.o
 .text.mp_print_mp_int
                0x0000000008001624      0x22c build/py/mpprint.o
                0x0000000008001624                mp_print_mp_int
 .text.mp_print_float
                0x0000000008001850       0xac build/py/mpprint.o
                0x0000000008001850                mp_print_float
 .text.mp_vprintf
                0x00000000080018fc      0x2bc build/py/mpprint.o
                0x00000000080018fc                mp_vprintf
 .text.mp_printf
                0x0000000008001bb8       0x1a build/py/mpprint.o
                0x0000000008001bb8                mp_printf
 *fill*         0x0000000008001bd2        0x2 
 .text.unichar_isspace
                0x0000000008001bd4       0x14 build/py/unicode.o
                0x0000000008001bd4                unichar_isspace
 .text.unichar_isalpha
                0x0000000008001be8       0x14 build/py/unicode.o
                0x0000000008001be8                unichar_isalpha
 .text.unichar_isdigit
                0x0000000008001bfc       0x14 build/py/unicode.o
                0x0000000008001bfc                unichar_isdigit
 .text.unichar_isxdigit
                0x0000000008001c10       0x14 build/py/unicode.o
                0x0000000008001c10                unichar_isxdigit
 .text.unichar_isident
                0x0000000008001c24       0x24 build/py/unicode.o
                0x0000000008001c24                unichar_isident
 .text.unichar_isupper
                0x0000000008001c48       0x14 build/py/unicode.o
                0x0000000008001c48                unichar_isupper
 .text.unichar_islower
                0x0000000008001c5c       0x14 build/py/unicode.o
                0x0000000008001c5c                unichar_islower
 .text.unichar_tolower
                0x0000000008001c70       0x10 build/py/unicode.o
                0x0000000008001c70                unichar_tolower
 .text.unichar_toupper
                0x0000000008001c80       0x10 build/py/unicode.o
                0x0000000008001c80                unichar_toupper
 .text.unichar_xdigit_value
                0x0000000008001c90        0xe build/py/unicode.o
                0x0000000008001c90                unichar_xdigit_value
 .text.mp_reader_mem_readbyte
                0x0000000008001c9e       0x14 build/py/reader.o
 .text.mp_reader_mem_close
                0x0000000008001cb2       0x18 build/py/reader.o
 *fill*         0x0000000008001cca        0x2 
 .text.mp_reader_new_mem
                0x0000000008001ccc       0x30 build/py/reader.o
                0x0000000008001ccc                mp_reader_new_mem
 .text.next_char
                0x0000000008001cfc       0x60 build/py/lexer.o
 .text.skip_whitespace
                0x0000000008001d5c       0x60 build/py/lexer.o
 .text.is_string_or_bytes
                0x0000000008001dbc       0x4a build/py/lexer.o
 *fill*         0x0000000008001e06        0x2 
 .text.mp_lexer_to_next
                0x0000000008001e08      0x59c build/py/lexer.o
                0x0000000008001e08                mp_lexer_to_next
 .text.mp_lexer_new
                0x00000000080023a4       0x7e build/py/lexer.o
                0x00000000080023a4                mp_lexer_new
 .text.mp_lexer_new_from_str_len
                0x0000000008002422       0x1c build/py/lexer.o
                0x0000000008002422                mp_lexer_new_from_str_len
 .text.mp_lexer_free
                0x000000000800243e       0x26 build/py/lexer.o
                0x000000000800243e                mp_lexer_free
 .text.pop_result
                0x0000000008002464        0xe build/py/parse.o
 .text.parser_alloc
                0x0000000008002472       0x68 build/py/parse.o
 .text.push_result_node
                0x00000000080024da       0x2e build/py/parse.o
 .text.push_rule
                0x0000000008002508       0x42 build/py/parse.o
 .text.push_rule_from_arg
                0x000000000800254a       0x10 build/py/parse.o
 *fill*         0x000000000800255a        0x2 
 .text.push_result_token.constprop.0
                0x000000000800255c       0xb8 build/py/parse.o
 .text.push_result_rule
                0x0000000008002614       0xaa build/py/parse.o
 .text.mp_parse_node_is_const_false
                0x00000000080026be       0x1c build/py/parse.o
                0x00000000080026be                mp_parse_node_is_const_false
 .text.mp_parse_node_is_const_true
                0x00000000080026da       0x1c build/py/parse.o
                0x00000000080026da                mp_parse_node_is_const_true
 .text.mp_parse_node_extract_list
                0x00000000080026f6       0x26 build/py/parse.o
                0x00000000080026f6                mp_parse_node_extract_list
 .text.mp_parse
                0x000000000800271c      0x38c build/py/parse.o
                0x000000000800271c                mp_parse
 .text.mp_parse_tree_clear
                0x0000000008002aa8       0x12 build/py/parse.o
                0x0000000008002aa8                mp_parse_tree_clear
 *fill*         0x0000000008002aba        0x2 
 .text.scope_new
                0x0000000008002abc       0x48 build/py/scope.o
                0x0000000008002abc                scope_new
 .text.scope_free
                0x0000000008002b04       0x14 build/py/scope.o
                0x0000000008002b04                scope_free
 .text.scope_find
                0x0000000008002b18       0x20 build/py/scope.o
                0x0000000008002b18                scope_find
 .text.scope_find_or_add_id
                0x0000000008002b38       0x42 build/py/scope.o
                0x0000000008002b38                scope_find_or_add_id
 .text.scope_find_global
                0x0000000008002b7a        0xe build/py/scope.o
                0x0000000008002b7a                scope_find_global
 .text.scope_check_to_close_over
                0x0000000008002b88       0x4c build/py/scope.o
                0x0000000008002b88                scope_check_to_close_over
 .text.apply_to_single_or_list
                0x0000000008002bd4       0x3e build/py/compile.o
 *fill*         0x0000000008002c12        0x2 
 .text.compile_del_stmt
                0x0000000008002c14       0x10 build/py/compile.o
 .text.compile_import_name
                0x0000000008002c24       0x10 build/py/compile.o
 .text.scope_new_and_link
                0x0000000008002c34       0x2a build/py/compile.o
 .text.compile_trailer_period
                0x0000000008002c5e        0xc build/py/compile.o
 .text.compile_const_object
                0x0000000008002c6a        0x8 build/py/compile.o
 .text.close_over_variables_etc
                0x0000000008002c72       0xa6 build/py/compile.o
 .text.compile_funcdef_lambdef
                0x0000000008002d18       0x50 build/py/compile.o
 .text.compile_lambdef
                0x0000000008002d68       0x2a build/py/compile.o
 .text.compile_funcdef_helper
                0x0000000008002d92       0x2a build/py/compile.o
 .text.compile_increase_except_level
                0x0000000008002dbc       0x1e build/py/compile.o
 .text.compile_decrease_except_level
                0x0000000008002dda        0xc build/py/compile.o
 .text.do_import_name
                0x0000000008002de6       0xec build/py/compile.o
 .text.compile_error_set_line
                0x0000000008002ed2       0x12 build/py/compile.o
 .text.compile_syntax_error
                0x0000000008002ee4       0x28 build/py/compile.o
 .text.compile_star_expr
                0x0000000008002f0c        0xc build/py/compile.o
 .text.compile_break_cont_stmt
                0x0000000008002f18       0x34 build/py/compile.o
 .text.compile_load_id
                0x0000000008002f4c       0x24 build/py/compile.o
 .text.compile_store_id
                0x0000000008002f70       0x24 build/py/compile.o
 .text.compile_funcdef
                0x0000000008002f94       0x18 build/py/compile.o
 .text.compile_import_from
                0x0000000008002fac      0x10e build/py/compile.o
 .text.compile_dotted_as_name
                0x00000000080030ba       0x2c build/py/compile.o
 *fill*         0x00000000080030e6        0x2 
 .text.compile_delete_id
                0x00000000080030e8       0x24 build/py/compile.o
 .text.compile_node
                0x000000000800310c       0x70 build/py/compile.o
 .text.c_assign
                0x000000000800317c      0x164 build/py/compile.o
 .text.c_assign_tuple
                0x00000000080032e0       0x80 build/py/compile.o
 .text.c_if_cond
                0x0000000008003360       0xf6 build/py/compile.o
 .text.compile_scope_comp_iter
                0x0000000008003456       0xac build/py/compile.o
 *fill*         0x0000000008003502        0x2 
 .text.compile_scope
                0x0000000008003504      0x1b8 build/py/compile.o
 .text.compile_yield_expr
                0x00000000080036bc       0x6c build/py/compile.o
 .text.compile_dictorsetmaker_item
                0x0000000008003728       0x18 build/py/compile.o
 .text.compile_trailer_bracket
                0x0000000008003740       0x16 build/py/compile.o
 .text.compile_while_stmt
                0x0000000008003756       0x82 build/py/compile.o
 .text.compile_yield_stmt
                0x00000000080037d8       0x14 build/py/compile.o
 .text.compile_return_stmt
                0x00000000080037ec       0x20 build/py/compile.o
 .text.c_del_stmt
                0x000000000800380c       0xe8 build/py/compile.o
 .text.compile_generic_tuple
                0x00000000080038f4       0x2e build/py/compile.o
 .text.compile_generic_all_nodes
                0x0000000008003922       0x3c build/py/compile.o
 .text.compile_power
                0x000000000800395e       0x14 build/py/compile.o
 .text.compile_if_stmt
                0x0000000008003972       0xcc build/py/compile.o
 .text.compile_comprehension
                0x0000000008003a3e       0x4c build/py/compile.o
 .text.compile_atom_paren
                0x0000000008003a8a       0x32 build/py/compile.o
 .text.compile_atom_bracket
                0x0000000008003abc       0x60 build/py/compile.o
 .text.compile_trailer_paren_helper
                0x0000000008003b1c      0x124 build/py/compile.o
 .text.compile_classdef_helper
                0x0000000008003c40       0x50 build/py/compile.o
 .text.compile_classdef
                0x0000000008003c90       0x18 build/py/compile.o
 .text.compile_trailer_paren
                0x0000000008003ca8        0xa build/py/compile.o
 *fill*         0x0000000008003cb2        0x2 
 .text.compile_decorated
                0x0000000008003cb4       0xe4 build/py/compile.o
 .text.compile_funcdef_lambdef_param
                0x0000000008003d98       0xa8 build/py/compile.o
 .text.compile_atom_expr_normal
                0x0000000008003e40      0x11c build/py/compile.o
 .text.compile_term
                0x0000000008003f5c       0x3c build/py/compile.o
 .text.compile_binary_op
                0x0000000008003f98       0x3c build/py/compile.o
 .text.compile_expr_stmt
                0x0000000008003fd4      0x10e build/py/compile.o
 .text.compile_factor_2
                0x00000000080040e2       0x28 build/py/compile.o
 .text.compile_not_test_2
                0x000000000800410a       0x16 build/py/compile.o
 .text.compile_or_and_test
                0x0000000008004120       0x56 build/py/compile.o
 .text.compile_comparison
                0x0000000008004176       0xca build/py/compile.o
 .text.compile_test_if_expr
                0x0000000008004240       0x58 build/py/compile.o
 .text.compile_for_stmt
                0x0000000008004298      0x274 build/py/compile.o
 .text.compile_with_stmt_helper
                0x000000000800450c       0x82 build/py/compile.o
 .text.compile_with_stmt
                0x000000000800458e       0x22 build/py/compile.o
 .text.compile_try_except
                0x00000000080045b0      0x180 build/py/compile.o
 .text.compile_try_finally
                0x0000000008004730       0x70 build/py/compile.o
 .text.compile_try_stmt
                0x00000000080047a0       0x68 build/py/compile.o
 .text.compile_raise_stmt
                0x0000000008004808       0x3c build/py/compile.o
 .text.compile_assert_stmt
                0x0000000008004844       0x58 build/py/compile.o
 .text.compile_global_nonlocal_stmt
                0x000000000800489c       0xc8 build/py/compile.o
 .text.compile_scope_func_lambda_param.constprop.0
                0x0000000008004964       0x9c build/py/compile.o
 .text.compile_scope_func_param
                0x0000000008004a00        0x8 build/py/compile.o
 .text.compile_scope_lambda_param
                0x0000000008004a08        0x8 build/py/compile.o
 .text.compile_atom_brace
                0x0000000008004a10       0xc8 build/py/compile.o
 .text.mp_compile
                0x0000000008004ad8      0x324 build/py/compile.o
                0x0000000008004ad8                mp_compile
 .text.strictly_equal
                0x0000000008004dfc       0x64 build/py/emitcommon.o
 .text.mp_emit_common_use_qstr
                0x0000000008004e60       0x2e build/py/emitcommon.o
                0x0000000008004e60                mp_emit_common_use_qstr
 .text.mp_emit_common_use_const_obj
                0x0000000008004e8e       0x34 build/py/emitcommon.o
                0x0000000008004e8e                mp_emit_common_use_const_obj
 .text.mp_emit_common_get_id_for_modification
                0x0000000008004ec2       0x1e build/py/emitcommon.o
                0x0000000008004ec2                mp_emit_common_get_id_for_modification
 .text.mp_emit_common_id_op
                0x0000000008004ee0       0x4a build/py/emitcommon.o
                0x0000000008004ee0                mp_emit_common_id_op
 .text.emit_get_cur_to_write_code_info
                0x0000000008004f2a       0x18 build/py/emitbc.o
 .text.emit_get_cur_to_write_bytecode
                0x0000000008004f42       0x24 build/py/emitbc.o
 .text.emit_write_bytecode_raw_byte
                0x0000000008004f66        0xe build/py/emitbc.o
 .text.emit_bc_new
                0x0000000008004f74        0xe build/py/emitbc.o
                0x0000000008004f74                emit_bc_new
 .text.emit_bc_set_max_num_labels
                0x0000000008004f82       0x10 build/py/emitbc.o
                0x0000000008004f82                emit_bc_set_max_num_labels
 .text.emit_bc_free
                0x0000000008004f92       0x14 build/py/emitbc.o
                0x0000000008004f92                emit_bc_free
 *fill*         0x0000000008004fa6        0x2 
 .text.mp_emit_bc_start_pass
                0x0000000008004fa8      0x17c build/py/emitbc.o
                0x0000000008004fa8                mp_emit_bc_start_pass
 .text.mp_emit_bc_end_pass
                0x0000000008005124       0xa0 build/py/emitbc.o
                0x0000000008005124                mp_emit_bc_end_pass
 .text.mp_emit_bc_adjust_stack_size
                0x00000000080051c4       0x18 build/py/emitbc.o
                0x00000000080051c4                mp_emit_bc_adjust_stack_size
 .text.emit_write_bytecode_byte
                0x00000000080051dc       0x12 build/py/emitbc.o
 *fill*         0x00000000080051ee        0x2 
 .text.emit_write_bytecode_byte_uint
                0x00000000080051f0       0x1c build/py/emitbc.o
 .text.emit_write_bytecode_byte_qstr
                0x000000000800520c       0x20 build/py/emitbc.o
 .text.mp_emit_bc_load_global
                0x000000000800522c        0xc build/py/emitbc.o
                0x000000000800522c                mp_emit_bc_load_global
 .text.mp_emit_bc_store_global
                0x0000000008005238        0xe build/py/emitbc.o
                0x0000000008005238                mp_emit_bc_store_global
 .text.mp_emit_bc_delete_global
                0x0000000008005246        0xc build/py/emitbc.o
                0x0000000008005246                mp_emit_bc_delete_global
 .text.emit_write_bytecode_byte_child
                0x0000000008005252       0x20 build/py/emitbc.o
 .text.mp_emit_bc_delete_local
                0x0000000008005272        0xe build/py/emitbc.o
                0x0000000008005272                mp_emit_bc_delete_local
 .text.emit_bc_call_function_method_helper
                0x0000000008005280       0x20 build/py/emitbc.o
 .text.mp_emit_bc_load_local
                0x00000000080052a0       0x28 build/py/emitbc.o
                0x00000000080052a0                mp_emit_bc_load_local
 .text.mp_emit_bc_store_local
                0x00000000080052c8       0x2c build/py/emitbc.o
                0x00000000080052c8                mp_emit_bc_store_local
 .text.emit_write_bytecode_byte_label
                0x00000000080052f4       0x8c build/py/emitbc.o
 .text.mp_emit_bc_set_source_line
                0x0000000008005380        0x2 build/py/emitbc.o
                0x0000000008005380                mp_emit_bc_set_source_line
 .text.mp_emit_bc_label_assign
                0x0000000008005382       0x1c build/py/emitbc.o
                0x0000000008005382                mp_emit_bc_label_assign
 .text.mp_emit_bc_import
                0x000000000800539e       0x2e build/py/emitbc.o
                0x000000000800539e                mp_emit_bc_import
 .text.mp_emit_bc_load_const_tok
                0x00000000080053cc       0x34 build/py/emitbc.o
                0x00000000080053cc                mp_emit_bc_load_const_tok
 .text.mp_emit_bc_load_const_small_int
                0x0000000008005400       0x88 build/py/emitbc.o
                0x0000000008005400                mp_emit_bc_load_const_small_int
 .text.mp_emit_bc_load_const_str
                0x0000000008005488        0xa build/py/emitbc.o
                0x0000000008005488                mp_emit_bc_load_const_str
 .text.mp_emit_bc_load_const_obj
                0x0000000008005492       0x1a build/py/emitbc.o
                0x0000000008005492                mp_emit_bc_load_const_obj
 .text.mp_emit_bc_load_null
                0x00000000080054ac        0x8 build/py/emitbc.o
                0x00000000080054ac                mp_emit_bc_load_null
 .text.mp_emit_bc_load_method
                0x00000000080054b4       0x16 build/py/emitbc.o
                0x00000000080054b4                mp_emit_bc_load_method
 .text.mp_emit_bc_load_build_class
                0x00000000080054ca        0x8 build/py/emitbc.o
                0x00000000080054ca                mp_emit_bc_load_build_class
 .text.mp_emit_bc_dup_top
                0x00000000080054d2        0x8 build/py/emitbc.o
                0x00000000080054d2                mp_emit_bc_dup_top
 .text.mp_emit_bc_dup_top_two
                0x00000000080054da        0x8 build/py/emitbc.o
                0x00000000080054da                mp_emit_bc_dup_top_two
 .text.mp_emit_bc_pop_top
                0x00000000080054e2        0xa build/py/emitbc.o
                0x00000000080054e2                mp_emit_bc_pop_top
 .text.mp_emit_bc_rot_two
                0x00000000080054ec        0x8 build/py/emitbc.o
                0x00000000080054ec                mp_emit_bc_rot_two
 .text.mp_emit_bc_attr
                0x00000000080054f4       0x30 build/py/emitbc.o
                0x00000000080054f4                mp_emit_bc_attr
 .text.mp_emit_bc_rot_three
                0x0000000008005524        0x8 build/py/emitbc.o
                0x0000000008005524                mp_emit_bc_rot_three
 .text.mp_emit_bc_subscr
                0x000000000800552c       0x2c build/py/emitbc.o
                0x000000000800552c                mp_emit_bc_subscr
 .text.mp_emit_bc_jump
                0x0000000008005558       0x14 build/py/emitbc.o
                0x0000000008005558                mp_emit_bc_jump
 .text.mp_emit_bc_pop_jump_if
                0x000000000800556c       0x12 build/py/emitbc.o
                0x000000000800556c                mp_emit_bc_pop_jump_if
 .text.mp_emit_bc_jump_if_or_pop
                0x000000000800557e       0x12 build/py/emitbc.o
                0x000000000800557e                mp_emit_bc_jump_if_or_pop
 .text.mp_emit_bc_unwind_jump
                0x0000000008005590       0x5e build/py/emitbc.o
                0x0000000008005590                mp_emit_bc_unwind_jump
 .text.mp_emit_bc_setup_block
                0x00000000080055ee       0x14 build/py/emitbc.o
                0x00000000080055ee                mp_emit_bc_setup_block
 .text.mp_emit_bc_with_cleanup
                0x0000000008005602       0x2a build/py/emitbc.o
                0x0000000008005602                mp_emit_bc_with_cleanup
 .text.mp_emit_bc_end_finally
                0x000000000800562c        0xa build/py/emitbc.o
                0x000000000800562c                mp_emit_bc_end_finally
 .text.mp_emit_bc_get_iter
                0x0000000008005636       0x10 build/py/emitbc.o
                0x0000000008005636                mp_emit_bc_get_iter
 .text.mp_emit_bc_for_iter
                0x0000000008005646        0xa build/py/emitbc.o
                0x0000000008005646                mp_emit_bc_for_iter
 .text.mp_emit_bc_for_iter_end
                0x0000000008005650        0x8 build/py/emitbc.o
                0x0000000008005650                mp_emit_bc_for_iter_end
 .text.mp_emit_bc_pop_except_jump
                0x0000000008005658       0x14 build/py/emitbc.o
                0x0000000008005658                mp_emit_bc_pop_except_jump
 .text.mp_emit_bc_unary_op
                0x000000000800566c        0xc build/py/emitbc.o
                0x000000000800566c                mp_emit_bc_unary_op
 .text.mp_emit_bc_binary_op
                0x0000000008005678       0x3a build/py/emitbc.o
                0x0000000008005678                mp_emit_bc_binary_op
 .text.mp_emit_bc_build
                0x00000000080056b2       0x16 build/py/emitbc.o
                0x00000000080056b2                mp_emit_bc_build
 .text.mp_emit_bc_store_map
                0x00000000080056c8        0xa build/py/emitbc.o
                0x00000000080056c8                mp_emit_bc_store_map
 .text.mp_emit_bc_store_comp
                0x00000000080056d2       0x14 build/py/emitbc.o
                0x00000000080056d2                mp_emit_bc_store_comp
 .text.mp_emit_bc_unpack_sequence
                0x00000000080056e6        0xa build/py/emitbc.o
                0x00000000080056e6                mp_emit_bc_unpack_sequence
 .text.mp_emit_bc_unpack_ex
                0x00000000080056f0       0x12 build/py/emitbc.o
                0x00000000080056f0                mp_emit_bc_unpack_ex
 .text.mp_emit_bc_make_function
                0x0000000008005702       0x1a build/py/emitbc.o
                0x0000000008005702                mp_emit_bc_make_function
 .text.mp_emit_bc_make_closure
                0x000000000800571c       0x2c build/py/emitbc.o
                0x000000000800571c                mp_emit_bc_make_closure
 .text.mp_emit_bc_call_function
                0x0000000008005748       0x16 build/py/emitbc.o
                0x0000000008005748                mp_emit_bc_call_function
 .text.mp_emit_bc_call_method
                0x000000000800575e       0x18 build/py/emitbc.o
                0x000000000800575e                mp_emit_bc_call_method
 .text.mp_emit_bc_return_value
                0x0000000008005776       0x14 build/py/emitbc.o
                0x0000000008005776                mp_emit_bc_return_value
 .text.mp_emit_bc_raise_varargs
                0x000000000800578a       0x16 build/py/emitbc.o
                0x000000000800578a                mp_emit_bc_raise_varargs
 .text.mp_emit_bc_yield
                0x00000000080057a0       0x1c build/py/emitbc.o
                0x00000000080057a0                mp_emit_bc_yield
 .text.mp_emit_bc_start_except_handler
                0x00000000080057bc        0x6 build/py/emitbc.o
                0x00000000080057bc                mp_emit_bc_start_except_handler
 .text.mp_emit_bc_end_except_handler
                0x00000000080057c2        0x8 build/py/emitbc.o
                0x00000000080057c2                mp_emit_bc_end_except_handler
 *fill*         0x00000000080057ca        0x2 
 .text.mp_format_float
                0x00000000080057cc      0x460 build/py/formatfloat.o
                0x00000000080057cc                mp_format_float
 .text.mp_parse_num_base
                0x0000000008005c2c       0x76 build/py/parsenumbase.o
                0x0000000008005c2c                mp_parse_num_base
 *fill*         0x0000000008005ca2        0x2 
 .text.raise_exc
                0x0000000008005ca4       0x20 build/py/parsenum.o
 .text.mp_parse_num_integer
                0x0000000008005cc4       0xf8 build/py/parsenum.o
                0x0000000008005cc4                mp_parse_num_integer
 .text.mp_parse_num_decimal
                0x0000000008005dbc      0x384 build/py/parsenum.o
                0x0000000008005dbc                mp_parse_num_decimal
 .text.mp_emit_glue_new_raw_code
                0x0000000008006140       0x14 build/py/emitglue.o
                0x0000000008006140                mp_emit_glue_new_raw_code
 .text.mp_emit_glue_assign_bytecode
                0x0000000008006154       0x20 build/py/emitglue.o
                0x0000000008006154                mp_emit_glue_assign_bytecode
 .text.mp_make_function_from_raw_code
                0x0000000008006174       0x20 build/py/emitglue.o
                0x0000000008006174                mp_make_function_from_raw_code
 .text.mp_make_closure_from_raw_code
                0x0000000008006194       0x24 build/py/emitglue.o
                0x0000000008006194                mp_make_closure_from_raw_code
 .text.type_get_iternext
                0x00000000080061b8       0x38 build/py/runtime.o
 .text.mp_init  0x00000000080061f0       0x38 build/py/runtime.o
                0x00000000080061f0                mp_init
 .text.mp_deinit
                0x0000000008006228        0x2 build/py/runtime.o
                0x0000000008006228                mp_deinit
 *fill*         0x000000000800622a        0x2 
 .text.mp_load_build_class
                0x000000000800622c        0x8 build/py/runtime.o
                0x000000000800622c                mp_load_build_class
 .text.mp_store_name
                0x0000000008006234       0x14 build/py/runtime.o
                0x0000000008006234                mp_store_name
 .text.mp_delete_name
                0x0000000008006248       0x14 build/py/runtime.o
                0x0000000008006248                mp_delete_name
 .text.mp_store_global
                0x000000000800625c       0x14 build/py/runtime.o
                0x000000000800625c                mp_store_global
 .text.mp_delete_global
                0x0000000008006270       0x14 build/py/runtime.o
                0x0000000008006270                mp_delete_global
 .text.mp_convert_member_lookup
                0x0000000008006284       0x54 build/py/runtime.o
                0x0000000008006284                mp_convert_member_lookup
 .text.mp_load_method_maybe
                0x00000000080062d8       0x7c build/py/runtime.o
                0x00000000080062d8                mp_load_method_maybe
 .text.mp_load_method_protected
                0x0000000008006354       0x44 build/py/runtime.o
                0x0000000008006354                mp_load_method_protected
 .text.mp_import_name
                0x0000000008006398       0x22 build/py/runtime.o
                0x0000000008006398                mp_import_name
 .text.mp_import_all
                0x00000000080063ba       0x3c build/py/runtime.o
                0x00000000080063ba                mp_import_all
 .text.mp_raise_msg
                0x00000000080063f6       0x12 build/py/runtime.o
                0x00000000080063f6                mp_raise_msg
 .text.mp_load_global
                0x0000000008006408       0x44 build/py/runtime.o
                0x0000000008006408                mp_load_global
 .text.mp_load_name
                0x000000000800644c       0x30 build/py/runtime.o
                0x000000000800644c                mp_load_name
 .text.mp_load_method
                0x000000000800647c       0x20 build/py/runtime.o
                0x000000000800647c                mp_load_method
 .text.mp_load_attr
                0x000000000800649c       0x1a build/py/runtime.o
                0x000000000800649c                mp_load_attr
 *fill*         0x00000000080064b6        0x2 
 .text.mp_store_attr
                0x00000000080064b8       0x3c build/py/runtime.o
                0x00000000080064b8                mp_store_attr
 .text.mp_raise_msg_varg
                0x00000000080064f4       0x14 build/py/runtime.o
                0x00000000080064f4                mp_raise_msg_varg
 .text.mp_import_from
                0x0000000008006508       0xb4 build/py/runtime.o
                0x0000000008006508                mp_import_from
 .text.m_malloc_fail
                0x00000000080065bc       0x28 build/py/runtime.o
                0x00000000080065bc                m_malloc_fail
 .text.mp_raise_ValueError
                0x00000000080065e4       0x10 build/py/runtime.o
                0x00000000080065e4                mp_raise_ValueError
 .text.mp_raise_TypeError
                0x00000000080065f4       0x10 build/py/runtime.o
                0x00000000080065f4                mp_raise_TypeError
 .text.mp_unary_op
                0x0000000008006604      0x114 build/py/runtime.o
                0x0000000008006604                mp_unary_op
 .text.mp_call_function_n_kw
                0x0000000008006718       0x34 build/py/runtime.o
                0x0000000008006718                mp_call_function_n_kw
 .text.mp_call_function_0
                0x000000000800674c        0xa build/py/runtime.o
                0x000000000800674c                mp_call_function_0
 *fill*         0x0000000008006756        0x2 
 .text.mp_parse_compile_execute
                0x0000000008006758       0x64 build/py/runtime.o
                0x0000000008006758                mp_parse_compile_execute
 .text.mp_call_function_1
                0x00000000080067bc       0x14 build/py/runtime.o
                0x00000000080067bc                mp_call_function_1
 .text.mp_call_method_n_kw
                0x00000000080067d0       0x20 build/py/runtime.o
                0x00000000080067d0                mp_call_method_n_kw
 .text.mp_make_raise_obj
                0x00000000080067f0       0x38 build/py/runtime.o
                0x00000000080067f0                mp_make_raise_obj
 .text.mp_resume
                0x0000000008006828      0x108 build/py/runtime.o
                0x0000000008006828                mp_resume
 .text.mp_getiter
                0x0000000008006930       0x84 build/py/runtime.o
                0x0000000008006930                mp_getiter
 .text.mp_iternext_allow_raise
                0x00000000080069b4       0x50 build/py/runtime.o
                0x00000000080069b4                mp_iternext_allow_raise
 .text.mp_iternext
                0x0000000008006a04       0x84 build/py/runtime.o
                0x0000000008006a04                mp_iternext
 .text.mp_call_method_n_kw_var
                0x0000000008006a88      0x29c build/py/runtime.o
                0x0000000008006a88                mp_call_method_n_kw_var
 .text.mp_unpack_sequence
                0x0000000008006d24       0x88 build/py/runtime.o
                0x0000000008006d24                mp_unpack_sequence
 .text.mp_unpack_ex
                0x0000000008006dac      0x104 build/py/runtime.o
                0x0000000008006dac                mp_unpack_ex
 .text.mp_binary_op
                0x0000000008006eb0      0x334 build/py/runtime.o
                0x0000000008006eb0                mp_binary_op
 .text.mp_raise_NotImplementedError
                0x00000000080071e4       0x10 build/py/runtime.o
                0x00000000080071e4                mp_raise_NotImplementedError
 .text.mp_raise_type_arg
                0x00000000080071f4       0x12 build/py/runtime.o
                0x00000000080071f4                mp_raise_type_arg
 *fill*         0x0000000008007206        0x2 
 .text.mp_raise_StopIteration
                0x0000000008007208       0x14 build/py/runtime.o
                0x0000000008007208                mp_raise_StopIteration
 .text.mp_raise_OSError
                0x000000000800721c       0x14 build/py/runtime.o
                0x000000000800721c                mp_raise_OSError
 .text.mp_handle_pending
                0x0000000008007230       0x20 build/py/scheduler.o
                0x0000000008007230                mp_handle_pending
 .text.mp_arg_error_terse_mismatch
                0x0000000008007250        0xc build/py/argcheck.o
                0x0000000008007250                mp_arg_error_terse_mismatch
 .text.mp_arg_check_num_sig
                0x000000000800725c       0x26 build/py/argcheck.o
                0x000000000800725c                mp_arg_check_num_sig
 .text.mp_arg_parse_all
                0x0000000008007282       0x9a build/py/argcheck.o
                0x0000000008007282                mp_arg_parse_all
 .text.mp_map_init
                0x000000000800731c       0x1a build/py/map.o
                0x000000000800731c                mp_map_init
 .text.mp_map_init_fixed_table
                0x0000000008007336        0xe build/py/map.o
                0x0000000008007336                mp_map_init_fixed_table
 .text.mp_map_clear
                0x0000000008007344       0x24 build/py/map.o
                0x0000000008007344                mp_map_clear
 .text.mp_map_lookup
                0x0000000008007368      0x17c build/py/map.o
                0x0000000008007368                mp_map_lookup
 .text.mp_map_rehash
                0x00000000080074e4       0x74 build/py/map.o
 .text.mp_identity
                0x0000000008007558        0x2 build/py/obj.o
                0x0000000008007558                mp_identity
 .text.mp_obj_malloc_helper
                0x000000000800755a        0xc build/py/obj.o
                0x000000000800755a                mp_obj_malloc_helper
 *fill*         0x0000000008007566        0x2 
 .text.mp_obj_get_type
                0x0000000008007568       0x18 build/py/obj.o
                0x0000000008007568                mp_obj_get_type
 .text.mp_obj_get_type_str
                0x0000000008007580       0x10 build/py/obj.o
                0x0000000008007580                mp_obj_get_type_str
 .text.mp_obj_print_helper
                0x0000000008007590       0x30 build/py/obj.o
                0x0000000008007590                mp_obj_print_helper
 .text.mp_obj_print_exception
                0x00000000080075c0       0x90 build/py/obj.o
                0x00000000080075c0                mp_obj_print_exception
 .text.mp_obj_is_callable
                0x0000000008007650       0x30 build/py/obj.o
                0x0000000008007650                mp_obj_is_callable
 .text.mp_obj_get_int
                0x0000000008007680       0x3c build/py/obj.o
                0x0000000008007680                mp_obj_get_int
 .text.mp_obj_get_int_truncated
                0x00000000080076bc       0x1c build/py/obj.o
                0x00000000080076bc                mp_obj_get_int_truncated
 .text.mp_obj_get_int_maybe
                0x00000000080076d8       0x40 build/py/obj.o
                0x00000000080076d8                mp_obj_get_int_maybe
 .text.mp_obj_get_float_maybe
                0x0000000008007718       0x5c build/py/obj.o
                0x0000000008007718                mp_obj_get_float_maybe
 .text.mp_obj_get_float
                0x0000000008007774       0x1c build/py/obj.o
                0x0000000008007774                mp_obj_get_float
 .text.mp_obj_get_complex_maybe
                0x0000000008007790       0x54 build/py/obj.o
                0x0000000008007790                mp_obj_get_complex_maybe
 .text.mp_obj_get_complex
                0x00000000080077e4       0x14 build/py/obj.o
                0x00000000080077e4                mp_obj_get_complex
 .text.mp_obj_get_array
                0x00000000080077f8       0x38 build/py/obj.o
                0x00000000080077f8                mp_obj_get_array
 .text.mp_get_index
                0x0000000008007830       0x60 build/py/obj.o
                0x0000000008007830                mp_get_index
 .text.mp_obj_id
                0x0000000008007890       0x18 build/py/obj.o
                0x0000000008007890                mp_obj_id
 .text.mp_obj_len_maybe
                0x00000000080078a8       0x54 build/py/obj.o
                0x00000000080078a8                mp_obj_len_maybe
 .text.mp_obj_is_true
                0x00000000080078fc       0x52 build/py/obj.o
                0x00000000080078fc                mp_obj_is_true
 *fill*         0x000000000800794e        0x2 
 .text.mp_obj_equal_not_equal
                0x0000000008007950       0xf4 build/py/obj.o
                0x0000000008007950                mp_obj_equal_not_equal
 .text.mp_obj_equal
                0x0000000008007a44       0x14 build/py/obj.o
                0x0000000008007a44                mp_obj_equal
 .text.mp_obj_len
                0x0000000008007a58       0x14 build/py/obj.o
                0x0000000008007a58                mp_obj_len
 .text.mp_obj_subscr
                0x0000000008007a6c       0x3c build/py/obj.o
                0x0000000008007a6c                mp_obj_subscr
 .text.mp_get_buffer
                0x0000000008007aa8       0x20 build/py/obj.o
                0x0000000008007aa8                mp_get_buffer
 .text.mp_get_buffer_raise
                0x0000000008007ac8       0x14 build/py/obj.o
                0x0000000008007ac8                mp_get_buffer_raise
 .text.mp_generic_unary_op
                0x0000000008007adc        0xe build/py/obj.o
                0x0000000008007adc                mp_generic_unary_op
 .text.bool_binary_op
                0x0000000008007aea       0x10 build/py/objbool.o
 .text.bool_unary_op
                0x0000000008007afa       0x18 build/py/objbool.o
 *fill*         0x0000000008007b12        0x2 
 .text.bool_print
                0x0000000008007b14       0x14 build/py/objbool.o
 .text.bool_make_new
                0x0000000008007b28       0x22 build/py/objbool.o
 .text.mp_call_method_self_n_kw
                0x0000000008007b4a       0x6c build/py/objboundmeth.o
                0x0000000008007b4a                mp_call_method_self_n_kw
 .text.bound_meth_call
                0x0000000008007bb6       0x16 build/py/objboundmeth.o
 .text.mp_obj_new_bound_meth
                0x0000000008007bcc       0x18 build/py/objboundmeth.o
                0x0000000008007bcc                mp_obj_new_bound_meth
 .text.mp_obj_new_cell
                0x0000000008007be4       0x14 build/py/objcell.o
                0x0000000008007be4                mp_obj_new_cell
 .text.closure_call
                0x0000000008007bf8       0x8e build/py/objclosure.o
 *fill*         0x0000000008007c86        0x2 
 .text.mp_obj_new_closure
                0x0000000008007c88       0x34 build/py/objclosure.o
                0x0000000008007c88                mp_obj_new_closure
 .text.complex_print
                0x0000000008007cbc       0x98 build/py/objcomplex.o
 .text.complex_attr
                0x0000000008007d54       0x1e build/py/objcomplex.o
 *fill*         0x0000000008007d72        0x2 
 .text.mp_obj_new_complex
                0x0000000008007d74       0x18 build/py/objcomplex.o
                0x0000000008007d74                mp_obj_new_complex
 .text.complex_unary_op
                0x0000000008007d8c       0x92 build/py/objcomplex.o
 *fill*         0x0000000008007e1e        0x2 
 .text.complex_make_new
                0x0000000008007e20       0xc4 build/py/objcomplex.o
 .text.mp_obj_complex_get
                0x0000000008007ee4        0xa build/py/objcomplex.o
                0x0000000008007ee4                mp_obj_complex_get
 *fill*         0x0000000008007eee        0x2 
 .text.mp_obj_complex_binary_op
                0x0000000008007ef0      0x25c build/py/objcomplex.o
                0x0000000008007ef0                mp_obj_complex_binary_op
 .text.complex_binary_op
                0x000000000800814c        0xa build/py/objcomplex.o
 *fill*         0x0000000008008156        0x2 
 .text.dict_view_getiter
                0x0000000008008158       0x1c build/py/objdict.o
 .text.dict_getiter
                0x0000000008008174       0x18 build/py/objdict.o
 .text.mp_ensure_not_fixed
                0x000000000800818c       0x10 build/py/objdict.o
 .text.dict_values
                0x000000000800819c       0x18 build/py/objdict.o
 .text.dict_get_helper
                0x00000000080081b4       0x50 build/py/objdict.o
 .text.dict_setdefault
                0x0000000008008204        0x6 build/py/objdict.o
 .text.dict_pop
                0x000000000800820a        0x6 build/py/objdict.o
 .text.dict_get
                0x0000000008008210        0x6 build/py/objdict.o
 .text.dict_clear
                0x0000000008008216       0x12 build/py/objdict.o
 .text.dict_unary_op
                0x0000000008008228       0x28 build/py/objdict.o
 .text.dict_iter_next
                0x0000000008008250       0x28 build/py/objdict.o
 .text.dict_view_it_iternext
                0x0000000008008278       0x36 build/py/objdict.o
 *fill*         0x00000000080082ae        0x2 
 .text.dict_view_print
                0x00000000080082b0       0x74 build/py/objdict.o
 .text.dict_print
                0x0000000008008324       0x70 build/py/objdict.o
 .text.dict_popitem
                0x0000000008008394       0x50 build/py/objdict.o
 .text.dict_binary_op
                0x00000000080083e4       0x70 build/py/objdict.o
 .text.dict_view_binary_op
                0x0000000008008454       0x1a build/py/objdict.o
 *fill*         0x000000000800846e        0x2 
 .text.dict_items
                0x0000000008008470       0x18 build/py/objdict.o
 .text.dict_keys
                0x0000000008008488       0x18 build/py/objdict.o
 .text.mp_obj_is_dict_or_ordereddict
                0x00000000080084a0       0x28 build/py/objdict.o
                0x00000000080084a0                mp_obj_is_dict_or_ordereddict
 .text.dict_update
                0x00000000080084c8       0xe0 build/py/objdict.o
 .text.mp_obj_dict_get
                0x00000000080085a8       0x20 build/py/objdict.o
                0x00000000080085a8                mp_obj_dict_get
 .text.mp_obj_dict_init
                0x00000000080085c8       0x10 build/py/objdict.o
                0x00000000080085c8                mp_obj_dict_init
 .text.mp_obj_new_dict
                0x00000000080085d8       0x16 build/py/objdict.o
                0x00000000080085d8                mp_obj_new_dict
 .text.mp_obj_dict_make_new
                0x00000000080085ee       0x44 build/py/objdict.o
                0x00000000080085ee                mp_obj_dict_make_new
 .text.mp_obj_dict_copy
                0x0000000008008632       0x30 build/py/objdict.o
                0x0000000008008632                mp_obj_dict_copy
 .text.mp_obj_dict_len
                0x0000000008008662        0x6 build/py/objdict.o
                0x0000000008008662                mp_obj_dict_len
 .text.mp_obj_dict_store
                0x0000000008008668       0x1c build/py/objdict.o
                0x0000000008008668                mp_obj_dict_store
 .text.mp_obj_dict_delete
                0x0000000008008684       0x18 build/py/objdict.o
                0x0000000008008684                mp_obj_dict_delete
 .text.dict_subscr
                0x000000000800869c       0x34 build/py/objdict.o
 .text.mp_obj_exception_make_new
                0x00000000080086d0       0x68 build/py/objexcept.o
                0x00000000080086d0                mp_obj_exception_make_new
 .text.decompress_error_text_maybe
                0x0000000008008738       0x64 build/py/objexcept.o
 .text.mp_obj_exception_print
                0x000000000800879c       0x78 build/py/objexcept.o
                0x000000000800879c                mp_obj_exception_print
 .text.exc_add_strn
                0x0000000008008814       0x54 build/py/objexcept.o
 .text.mp_obj_is_native_exception_instance
                0x0000000008008868       0x30 build/py/objexcept.o
                0x0000000008008868                mp_obj_is_native_exception_instance
 .text.get_native_exception
                0x0000000008008898       0x10 build/py/objexcept.o
 .text.mp_obj_exception_get_value
                0x00000000080088a8       0x1c build/py/objexcept.o
                0x00000000080088a8                mp_obj_exception_get_value
 .text.mp_obj_exception_attr
                0x00000000080088c4       0x3a build/py/objexcept.o
                0x00000000080088c4                mp_obj_exception_attr
 .text.mp_obj_new_exception
                0x00000000080088fe        0xa build/py/objexcept.o
                0x00000000080088fe                mp_obj_new_exception
 .text.mp_obj_new_exception_msg
                0x0000000008008908       0x48 build/py/objexcept.o
                0x0000000008008908                mp_obj_new_exception_msg
 .text.mp_obj_new_exception_msg_vlist
                0x0000000008008950       0xa8 build/py/objexcept.o
                0x0000000008008950                mp_obj_new_exception_msg_vlist
 .text.mp_obj_is_exception_type
                0x00000000080089f8       0x34 build/py/objexcept.o
                0x00000000080089f8                mp_obj_is_exception_type
 .text.mp_obj_is_exception_instance
                0x0000000008008a2c        0xe build/py/objexcept.o
                0x0000000008008a2c                mp_obj_is_exception_instance
 .text.mp_obj_exception_match
                0x0000000008008a3a       0x20 build/py/objexcept.o
                0x0000000008008a3a                mp_obj_exception_match
 .text.mp_obj_exception_add_traceback
                0x0000000008008a5a       0x5c build/py/objexcept.o
                0x0000000008008a5a                mp_obj_exception_add_traceback
 .text.mp_obj_exception_get_traceback
                0x0000000008008ab6       0x1a build/py/objexcept.o
                0x0000000008008ab6                mp_obj_exception_get_traceback
 .text.float_print
                0x0000000008008ad0       0x54 build/py/objfloat.o
 .text.mp_obj_float_divmod
                0x0000000008008b24       0xc0 build/py/objfloat.o
 .text.mp_obj_new_float
                0x0000000008008be4       0x18 build/py/objfloat.o
                0x0000000008008be4                mp_obj_new_float
 .text.float_make_new
                0x0000000008008bfc       0x5c build/py/objfloat.o
 .text.float_unary_op
                0x0000000008008c58       0x48 build/py/objfloat.o
 .text.mp_obj_float_get
                0x0000000008008ca0        0x4 build/py/objfloat.o
                0x0000000008008ca0                mp_obj_float_get
 .text.mp_obj_float_binary_op
                0x0000000008008ca4      0x204 build/py/objfloat.o
                0x0000000008008ca4                mp_obj_float_binary_op
 .text.float_binary_op
                0x0000000008008ea8       0x28 build/py/objfloat.o
 .text.fun_builtin_0_call
                0x0000000008008ed0       0x16 build/py/objfun.o
 .text.fun_builtin_1_call
                0x0000000008008ee6       0x1c build/py/objfun.o
 .text.fun_builtin_2_call
                0x0000000008008f02       0x1e build/py/objfun.o
 .text.fun_builtin_3_call
                0x0000000008008f20       0x20 build/py/objfun.o
 .text.fun_bc_call
                0x0000000008008f40       0xcc build/py/objfun.o
 .text.fun_builtin_var_call
                0x000000000800900c       0x44 build/py/objfun.o
 .text.mp_obj_fun_get_name
                0x0000000008009050       0x2c build/py/objfun.o
                0x0000000008009050                mp_obj_fun_get_name
 .text.mp_obj_new_fun_bc
                0x000000000800907c       0x5c build/py/objfun.o
                0x000000000800907c                mp_obj_new_fun_bc
 .text.gen_wrap_call
                0x00000000080090d8       0x70 build/py/objgenerator.o
 .text.gen_instance_print
                0x0000000008009148       0x20 build/py/objgenerator.o
 .text.mp_obj_gen_resume
                0x0000000008009168       0xb0 build/py/objgenerator.o
                0x0000000008009168                mp_obj_gen_resume
 .text.gen_resume_and_raise
                0x0000000008009218       0x3c build/py/objgenerator.o
 .text.gen_instance_throw
                0x0000000008009254       0x1e build/py/objgenerator.o
 .text.gen_instance_send
                0x0000000008009272        0x8 build/py/objgenerator.o
 .text.gen_instance_iternext
                0x000000000800927a        0xa build/py/objgenerator.o
 .text.gen_instance_close
                0x0000000008009284       0x4c build/py/objgenerator.o
 .text.it_iternext
                0x00000000080092d0       0x54 build/py/objgetitemiter.o
 .text.mp_obj_new_getitem_iter
                0x0000000008009324       0x1c build/py/objgetitemiter.o
                0x0000000008009324                mp_obj_new_getitem_iter
 .text.mp_obj_int_unary_op
                0x0000000008009340        0x4 build/py/objint.o
                0x0000000008009340                mp_obj_int_unary_op
 .text.int_to_bytes
                0x0000000008009344       0x64 build/py/objint.o
 .text.mp_obj_new_int_from_float
                0x00000000080093a8       0x60 build/py/objint.o
                0x00000000080093a8                mp_obj_new_int_from_float
 .text.mp_obj_int_make_new
                0x0000000008009408       0xac build/py/objint.o
 .text.mp_int_format_size
                0x00000000080094b4       0x30 build/py/objint.o
                0x00000000080094b4                mp_int_format_size
 .text.mp_obj_int_formatted
                0x00000000080094e4      0x104 build/py/objint.o
                0x00000000080094e4                mp_obj_int_formatted
 .text.mp_obj_int_print
                0x00000000080095e8       0x3c build/py/objint.o
                0x00000000080095e8                mp_obj_int_print
 .text.mp_obj_int_sign
                0x0000000008009624       0x18 build/py/objint.o
                0x0000000008009624                mp_obj_int_sign
 .text.mp_obj_new_int_from_str_len
                0x000000000800963c       0x14 build/py/objint.o
                0x000000000800963c                mp_obj_new_int_from_str_len
 .text.mp_obj_new_int_from_ll
                0x0000000008009650       0x14 build/py/objint.o
                0x0000000008009650                mp_obj_new_int_from_ll
 .text.mp_obj_new_int_from_uint
                0x0000000008009664       0x20 build/py/objint.o
                0x0000000008009664                mp_obj_new_int_from_uint
 .text.int_from_bytes
                0x0000000008009684       0x40 build/py/objint.o
 .text.mp_obj_new_int
                0x00000000080096c4       0x24 build/py/objint.o
                0x00000000080096c4                mp_obj_new_int
 .text.mp_obj_int_get_truncated
                0x00000000080096e8        0x4 build/py/objint.o
                0x00000000080096e8                mp_obj_int_get_truncated
 .text.mp_obj_int_get_checked
                0x00000000080096ec        0x4 build/py/objint.o
                0x00000000080096ec                mp_obj_int_get_checked
 .text.mp_obj_int_binary_op_extra_cases
                0x00000000080096f0       0x64 build/py/objint.o
                0x00000000080096f0                mp_obj_int_binary_op_extra_cases
 .text.mp_obj_int_binary_op
                0x0000000008009754        0x4 build/py/objint.o
                0x0000000008009754                mp_obj_int_binary_op
 .text.list_unary_op
                0x0000000008009758       0x22 build/py/objlist.o
 *fill*         0x000000000800977a        0x2 
 .text.list_getiter
                0x000000000800977c       0x1c build/py/objlist.o
 .text.list_reverse
                0x0000000008009798       0x2e build/py/objlist.o
 .text.list_it_iternext
                0x00000000080097c6       0x1c build/py/objlist.o
 *fill*         0x00000000080097e2        0x2 
 .text.list_pop
                0x00000000080097e4       0x7c build/py/objlist.o
 .text.list_index
                0x0000000008009860       0x12 build/py/objlist.o
 .text.mp_obj_list_remove
                0x0000000008009872       0x20 build/py/objlist.o
                0x0000000008009872                mp_obj_list_remove
 .text.list_clear
                0x0000000008009892       0x22 build/py/objlist.o
 .text.mp_obj_list_append
                0x00000000080098b4       0x42 build/py/objlist.o
                0x00000000080098b4                mp_obj_list_append
 .text.list_extend_from_iter
                0x00000000080098f6       0x22 build/py/objlist.o
 .text.list_insert
                0x0000000008009918       0x40 build/py/objlist.o
 .text.list_count
                0x0000000008009958        0xa build/py/objlist.o
 *fill*         0x0000000008009962        0x2 
 .text.list_print
                0x0000000008009964       0x4c build/py/objlist.o
 .text.mp_quicksort
                0x00000000080099b0       0xc4 build/py/objlist.o
 .text.mp_obj_list_sort
                0x0000000008009a74       0x50 build/py/objlist.o
                0x0000000008009a74                mp_obj_list_sort
 .text.list_extend
                0x0000000008009ac4       0x70 build/py/objlist.o
 .text.mp_obj_list_init
                0x0000000008009b34       0x38 build/py/objlist.o
                0x0000000008009b34                mp_obj_list_init
 .text.list_new
                0x0000000008009b6c       0x16 build/py/objlist.o
 *fill*         0x0000000008009b82        0x2 
 .text.list_binary_op
                0x0000000008009b84       0xcc build/py/objlist.o
 .text.mp_obj_list_make_new
                0x0000000008009c50       0x2c build/py/objlist.o
                0x0000000008009c50                mp_obj_list_make_new
 .text.mp_obj_new_list
                0x0000000008009c7c       0x24 build/py/objlist.o
                0x0000000008009c7c                mp_obj_new_list
 .text.list_copy
                0x0000000008009ca0        0x8 build/py/objlist.o
 .text.mp_obj_list_get
                0x0000000008009ca8        0xa build/py/objlist.o
                0x0000000008009ca8                mp_obj_list_get
 .text.mp_obj_list_set_len
                0x0000000008009cb2        0x4 build/py/objlist.o
                0x0000000008009cb2                mp_obj_list_set_len
 .text.mp_obj_list_store
                0x0000000008009cb6       0x1a build/py/objlist.o
                0x0000000008009cb6                mp_obj_list_store
 .text.list_subscr
                0x0000000008009cd0       0x36 build/py/objlist.o
 .text.map_iternext
                0x0000000008009d06       0x4a build/py/objmap.o
 .text.map_make_new
                0x0000000008009d50       0x50 build/py/objmap.o
 .text.module_attr
                0x0000000008009da0       0x3c build/py/objmodule.o
 .text.module_print
                0x0000000008009ddc       0x34 build/py/objmodule.o
 .text.mp_obj_new_module
                0x0000000008009e10       0x44 build/py/objmodule.o
                0x0000000008009e10                mp_obj_new_module
 .text.mp_module_get_loaded_or_builtin
                0x0000000008009e54       0x2c build/py/objmodule.o
                0x0000000008009e54                mp_module_get_loaded_or_builtin
 .text.object_make_new
                0x0000000008009e80       0x1a build/py/objobject.o
 .text.polymorph_it_iternext
                0x0000000008009e9a        0x4 build/py/objpolyiter.o
 *fill*         0x0000000008009e9e        0x2 
 .text.none_print
                0x0000000008009ea0        0xc build/py/objnone.o
 .text.range_it_iternext
                0x0000000008009eac       0x2c build/py/objrange.o
 .text.range_unary_op
                0x0000000008009ed8       0x3a build/py/objrange.o
 *fill*         0x0000000008009f12        0x2 
 .text.range_getiter
                0x0000000008009f14       0x1c build/py/objrange.o
 .text.range_print
                0x0000000008009f30       0x3c build/py/objrange.o
 .text.range_make_new
                0x0000000008009f6c       0x60 build/py/objrange.o
 .text.range_subscr
                0x0000000008009fcc       0x42 build/py/objrange.o
 *fill*         0x000000000800a00e        0x2 
 .text.singleton_print
                0x000000000800a010        0xc build/py/objsingleton.o
 .text.arg_looks_integer
                0x000000000800a01c       0x28 build/py/objstr.o
 .text.arg_looks_numeric
                0x000000000800a044       0x24 build/py/objstr.o
 .text.mp_obj_new_str_iterator
                0x000000000800a068       0x1c build/py/objstr.o
 .text.mp_obj_new_bytes_iterator
                0x000000000800a084       0x1c build/py/objstr.o
 .text.bytes_it_iternext
                0x000000000800a0a0       0x3a build/py/objstr.o
 *fill*         0x000000000800a0da        0x2 
 .text.terse_str_format_value_error
                0x000000000800a0dc        0xc build/py/objstr.o
 .text.str_check_arg_type
                0x000000000800a0e8       0x1c build/py/objstr.o
 .text.mp_obj_new_str_type_from_vstr
                0x000000000800a104       0x68 build/py/objstr.o
 .text.str_caseconv
                0x000000000800a16c       0x56 build/py/objstr.o
 *fill*         0x000000000800a1c2        0x2 
 .text.str_lower
                0x000000000800a1c4        0xc build/py/objstr.o
 .text.str_upper
                0x000000000800a1d0        0xc build/py/objstr.o
 .text.str_join
                0x000000000800a1dc      0x108 build/py/objstr.o
 .text.str_uni_istype
                0x000000000800a2e4       0x80 build/py/objstr.o
 .text.str_isspace
                0x000000000800a364        0xc build/py/objstr.o
 .text.str_isalpha
                0x000000000800a370        0xc build/py/objstr.o
 .text.str_isdigit
                0x000000000800a37c        0xc build/py/objstr.o
 .text.str_isupper
                0x000000000800a388        0xc build/py/objstr.o
 .text.str_islower
                0x000000000800a394        0xc build/py/objstr.o
 .text.str_to_int
                0x000000000800a3a0       0x30 build/py/objstr.o
 .text.mp_obj_str_get_buffer
                0x000000000800a3d0       0x34 build/py/objstr.o
                0x000000000800a3d0                mp_obj_str_get_buffer
 .text.mp_str_print_quoted
                0x000000000800a404       0xc8 build/py/objstr.o
                0x000000000800a404                mp_str_print_quoted
 .text.str_print
                0x000000000800a4cc       0x6c build/py/objstr.o
 .text.find_subbytes
                0x000000000800a538       0x42 build/py/objstr.o
                0x000000000800a538                find_subbytes
 *fill*         0x000000000800a57a        0x2 
 .text.mp_obj_str_binary_op
                0x000000000800a57c      0x160 build/py/objstr.o
                0x000000000800a57c                mp_obj_str_binary_op
 .text.str_replace
                0x000000000800a6dc      0x152 build/py/objstr.o
 *fill*         0x000000000800a82e        0x2 
 .text.str_finder
                0x000000000800a830       0xcc build/py/objstr.o
 .text.str_find
                0x000000000800a8fc        0x8 build/py/objstr.o
 .text.str_rfind
                0x000000000800a904        0xa build/py/objstr.o
 .text.str_index
                0x000000000800a90e        0x8 build/py/objstr.o
 .text.str_rindex
                0x000000000800a916        0xa build/py/objstr.o
 .text.mp_obj_new_str_copy
                0x000000000800a920       0x38 build/py/objstr.o
                0x000000000800a920                mp_obj_new_str_copy
 .text.mp_obj_new_str_via_qstr
                0x000000000800a958        0xe build/py/objstr.o
                0x000000000800a958                mp_obj_new_str_via_qstr
 *fill*         0x000000000800a966        0x2 
 .text.bytes_subscr
                0x000000000800a968       0x5c build/py/objstr.o
 .text.str_it_iternext
                0x000000000800a9c4       0x3c build/py/objstr.o
 .text.mp_obj_new_str_from_vstr
                0x000000000800aa00        0xc build/py/objstr.o
                0x000000000800aa00                mp_obj_new_str_from_vstr
 .text.mp_obj_new_bytes_from_vstr
                0x000000000800aa0c        0xc build/py/objstr.o
                0x000000000800aa0c                mp_obj_new_bytes_from_vstr
 .text.mp_obj_new_str
                0x000000000800aa18       0x28 build/py/objstr.o
                0x000000000800aa18                mp_obj_new_str
 .text.mp_obj_str_make_new
                0x000000000800aa40       0xc4 build/py/objstr.o
                0x000000000800aa40                mp_obj_str_make_new
 .text.mp_obj_new_bytes
                0x000000000800ab04       0x10 build/py/objstr.o
                0x000000000800ab04                mp_obj_new_bytes
 .text.bytes_make_new
                0x000000000800ab14      0x114 build/py/objstr.o
 .text.mp_obj_new_str_of_type
                0x000000000800ac28       0x18 build/py/objstr.o
                0x000000000800ac28                mp_obj_new_str_of_type
 .text.str_uni_strip
                0x000000000800ac40      0x114 build/py/objstr.o
 .text.str_strip
                0x000000000800ad54        0xa build/py/objstr.o
 .text.str_lstrip
                0x000000000800ad5e        0xa build/py/objstr.o
 .text.str_rstrip
                0x000000000800ad68        0xa build/py/objstr.o
 .text.mp_obj_str_equal
                0x000000000800ad72       0x90 build/py/objstr.o
                0x000000000800ad72                mp_obj_str_equal
 *fill*         0x000000000800ae02        0x2 
 .text.mp_obj_str_get_qstr
                0x000000000800ae04       0x34 build/py/objstr.o
                0x000000000800ae04                mp_obj_str_get_qstr
 .text.mp_obj_str_get_str
                0x000000000800ae38       0x40 build/py/objstr.o
                0x000000000800ae38                mp_obj_str_get_str
 .text.mp_obj_str_get_data
                0x000000000800ae78       0x48 build/py/objstr.o
                0x000000000800ae78                mp_obj_str_get_data
 .text.mp_obj_str_split
                0x000000000800aec0      0x140 build/py/objstr.o
                0x000000000800aec0                mp_obj_str_split
 .text.str_rsplit
                0x000000000800b000      0x10c build/py/objstr.o
 .text.str_startswith
                0x000000000800b10c       0x72 build/py/objstr.o
 *fill*         0x000000000800b17e        0x2 
 .text.str_endswith
                0x000000000800b180       0x5c build/py/objstr.o
 .text.mp_obj_str_format_helper
                0x000000000800b1dc      0x568 build/py/objstr.o
 .text.mp_obj_str_format
                0x000000000800b744       0x4c build/py/objstr.o
                0x000000000800b744                mp_obj_str_format
 .text.mp_obj_str_intern_checked
                0x000000000800b790       0x14 build/py/objstr.o
                0x000000000800b790                mp_obj_str_intern_checked
 .text.mp_obj_tuple_getiter
                0x000000000800b7a4       0x1c build/py/objtuple.o
                0x000000000800b7a4                mp_obj_tuple_getiter
 .text.tuple_it_iternext
                0x000000000800b7c0       0x1c build/py/objtuple.o
 .text.mp_obj_tuple_print
                0x000000000800b7dc       0x60 build/py/objtuple.o
                0x000000000800b7dc                mp_obj_tuple_print
 .text.tuple_index
                0x000000000800b83c       0x10 build/py/objtuple.o
 .text.tuple_count
                0x000000000800b84c        0xc build/py/objtuple.o
 .text.mp_obj_tuple_unary_op
                0x000000000800b858       0x54 build/py/objtuple.o
                0x000000000800b858                mp_obj_tuple_unary_op
 .text.mp_obj_tuple_subscr
                0x000000000800b8ac       0x20 build/py/objtuple.o
                0x000000000800b8ac                mp_obj_tuple_subscr
 .text.mp_obj_new_tuple
                0x000000000800b8cc       0x3c build/py/objtuple.o
                0x000000000800b8cc                mp_obj_new_tuple
 .text.mp_obj_tuple_make_new
                0x000000000800b908       0x7c build/py/objtuple.o
 .text.mp_obj_tuple_binary_op
                0x000000000800b984       0xf4 build/py/objtuple.o
                0x000000000800b984                mp_obj_tuple_binary_op
 .text.mp_obj_tuple_get
                0x000000000800ba78        0xa build/py/objtuple.o
                0x000000000800ba78                mp_obj_tuple_get
 .text.mp_obj_tuple_del
                0x000000000800ba82        0x4 build/py/objtuple.o
                0x000000000800ba82                mp_obj_tuple_del
 *fill*         0x000000000800ba86        0x2 
 .text.instance_count_native_bases
                0x000000000800ba88       0x28 build/py/objtype.o
 .text.native_base_init_wrapper
                0x000000000800bab0       0x36 build/py/objtype.o
 *fill*         0x000000000800bae6        0x2 
 .text.mp_obj_class_lookup
                0x000000000800bae8       0xac build/py/objtype.o
 .text.type_attr
                0x000000000800bb94       0x60 build/py/objtype.o
 .text.super_attr
                0x000000000800bbf4       0x64 build/py/objtype.o
 .text.type_call
                0x000000000800bc58       0x20 build/py/objtype.o
 .text.mp_obj_instance_getiter
                0x000000000800bc78       0x6a build/py/objtype.o
                0x000000000800bc78                mp_obj_instance_getiter
 .text.mp_obj_instance_attr
                0x000000000800bce2       0x8a build/py/objtype.o
 .text.type_print
                0x000000000800bd6c        0xc build/py/objtype.o
 .text.static_class_method_make_new
                0x000000000800bd78       0x20 build/py/objtype.o
 .text.super_make_new
                0x000000000800bd98       0x3c build/py/objtype.o
 .text.instance_subscr
                0x000000000800bdd4       0x74 build/py/objtype.o
 .text.instance_binary_op
                0x000000000800be48       0x84 build/py/objtype.o
 .text.instance_unary_op
                0x000000000800becc       0x9c build/py/objtype.o
 .text.super_print
                0x000000000800bf68       0x40 build/py/objtype.o
 .text.instance_print
                0x000000000800bfa8       0x9c build/py/objtype.o
 .text.instance_get_buffer
                0x000000000800c044       0x4e build/py/objtype.o
 *fill*         0x000000000800c092        0x2 
 .text.mp_obj_instance_make_new
                0x000000000800c094      0x15c build/py/objtype.o
 .text.mp_obj_instance_call
                0x000000000800c1f0       0x5c build/py/objtype.o
                0x000000000800c1f0                mp_obj_instance_call
 .text.mp_obj_instance_is_callable
                0x000000000800c24c       0x32 build/py/objtype.o
                0x000000000800c24c                mp_obj_instance_is_callable
 *fill*         0x000000000800c27e        0x2 
 .text.mp_obj_new_type
                0x000000000800c280      0x16c build/py/objtype.o
                0x000000000800c280                mp_obj_new_type
 .text.type_make_new
                0x000000000800c3ec       0x44 build/py/objtype.o
 .text.mp_load_super_method
                0x000000000800c430       0x24 build/py/objtype.o
                0x000000000800c430                mp_load_super_method
 .text.mp_obj_is_subclass_fast
                0x000000000800c454       0x30 build/py/objtype.o
                0x000000000800c454                mp_obj_is_subclass_fast
 .text.mp_obj_is_subclass
                0x000000000800c484       0x74 build/py/objtype.o
 .text.mp_builtin_issubclass
                0x000000000800c4f8       0x24 build/py/objtype.o
 .text.mp_builtin_isinstance
                0x000000000800c51c       0x12 build/py/objtype.o
 .text.mp_obj_cast_to_native_base
                0x000000000800c52e       0x20 build/py/objtype.o
                0x000000000800c52e                mp_obj_cast_to_native_base
 .text.zip_iternext
                0x000000000800c54e       0x48 build/py/objzip.o
 *fill*         0x000000000800c596        0x2 
 .text.zip_make_new
                0x000000000800c598       0x48 build/py/objzip.o
 .text.op_getitem
                0x000000000800c5e0       0x1e build/py/opmethods.o
 .text.op_setitem
                0x000000000800c5fe       0x20 build/py/opmethods.o
 .text.op_delitem
                0x000000000800c61e       0x1e build/py/opmethods.o
 .text.mp_seq_multiply
                0x000000000800c63c       0x26 build/py/sequence.o
                0x000000000800c63c                mp_seq_multiply
 .text.mp_seq_cmp_bytes
                0x000000000800c662       0x68 build/py/sequence.o
                0x000000000800c662                mp_seq_cmp_bytes
 .text.mp_seq_cmp_objs
                0x000000000800c6ca       0x96 build/py/sequence.o
                0x000000000800c6ca                mp_seq_cmp_objs
 .text.mp_seq_index_obj
                0x000000000800c760       0x68 build/py/sequence.o
                0x000000000800c760                mp_seq_index_obj
 .text.mp_seq_count_obj
                0x000000000800c7c8       0x2e build/py/sequence.o
                0x000000000800c7c8                mp_seq_count_obj
 .text.mp_get_stream
                0x000000000800c7f6        0xc build/py/stream.o
 .text.stream_unbuffered_readline
                0x000000000800c802       0x8a build/py/stream.o
 .text.mp_stream_unbuffered_iter
                0x000000000800c88c       0x1e build/py/stream.o
                0x000000000800c88c                mp_stream_unbuffered_iter
 .text.mp_binary_set_int
                0x000000000800c8aa       0x2a build/py/binary.o
                0x000000000800c8aa                mp_binary_set_int
 .text.evaluate_relative_import
                0x000000000800c8d4       0xd0 build/py/builtinimport.o
 .text.stat_path_or_frozen
                0x000000000800c9a4       0x2c build/py/builtinimport.o
 .text.stat_dir_or_file
                0x000000000800c9d0       0x30 build/py/builtinimport.o
 .text.do_load  0x000000000800ca00       0x9c build/py/builtinimport.o
 .text.mp_builtin___import___default
                0x000000000800ca9c      0x160 build/py/builtinimport.o
                0x000000000800ca9c                mp_builtin___import___default
 .text.mp_obj_is_package
                0x000000000800cbfc       0x18 build/py/builtinimport.o
                0x000000000800cbfc                mp_obj_is_package
 .text.eval_exec_helper
                0x000000000800cc14       0x74 build/py/builtinevex.o
 .text.mp_builtin_eval
                0x000000000800cc88        0x6 build/py/builtinevex.o
 .text.mp_builtin_exec
                0x000000000800cc8e        0x6 build/py/builtinevex.o
 .text.mp_builtin_globals
                0x000000000800cc94        0xc build/py/modbuiltins.o
 .text.mp_builtin_locals
                0x000000000800cca0        0xc build/py/modbuiltins.o
 .text.mp_builtin___build_class__
                0x000000000800ccac       0x6c build/py/modbuiltins.o
 .text.mp_builtin_abs
                0x000000000800cd18        0x8 build/py/modbuiltins.o
 .text.mp_builtin_hash
                0x000000000800cd20        0x8 build/py/modbuiltins.o
 .text.mp_builtin_iter
                0x000000000800cd28        0x6 build/py/modbuiltins.o
 .text.mp_builtin_all
                0x000000000800cd2e       0x24 build/py/modbuiltins.o
 .text.mp_builtin_any
                0x000000000800cd52       0x24 build/py/modbuiltins.o
 .text.mp_builtin_bin
                0x000000000800cd76       0x1a build/py/modbuiltins.o
 .text.mp_builtin_hex
                0x000000000800cd90       0x1a build/py/modbuiltins.o
 .text.mp_builtin_oct
                0x000000000800cdaa       0x1a build/py/modbuiltins.o
 .text.mp_builtin_callable
                0x000000000800cdc4       0x10 build/py/modbuiltins.o
 .text.mp_builtin_chr
                0x000000000800cdd4       0x28 build/py/modbuiltins.o
 .text.mp_builtin_divmod
                0x000000000800cdfc        0xa build/py/modbuiltins.o
 .text.mp_builtin_sum
                0x000000000800ce06       0x34 build/py/modbuiltins.o
 *fill*         0x000000000800ce3a        0x2 
 .text.mp_builtin_ord
                0x000000000800ce3c       0x28 build/py/modbuiltins.o
 .text.mp_builtin_pow
                0x000000000800ce64       0x20 build/py/modbuiltins.o
 .text.mp_builtin_print
                0x000000000800ce84       0x80 build/py/modbuiltins.o
 .text.mp_builtin_repr
                0x000000000800cf04       0x24 build/py/modbuiltins.o
 .text.mp_builtin_round
                0x000000000800cf28       0x70 build/py/modbuiltins.o
 .text.mp_builtin_sorted
                0x000000000800cf98       0x34 build/py/modbuiltins.o
 .text.mp_builtin_hasattr
                0x000000000800cfcc       0x24 build/py/modbuiltins.o
 .text.mp_builtin_getattr
                0x000000000800cff0       0x3e build/py/modbuiltins.o
 .text.mp_builtin_setattr
                0x000000000800d02e       0x1a build/py/modbuiltins.o
 .text.mp_builtin_next
                0x000000000800d048       0x18 build/py/modbuiltins.o
 .text.mp_builtin___repl_print__
                0x000000000800d060       0x24 build/py/modbuiltins.o
 .text.mp_builtin_dir
                0x000000000800d084       0x6c build/py/modbuiltins.o
 .text.mp_micropython_heap_unlock
                0x000000000800d0f0       0x18 build/py/modmicropython.o
 .text.mp_micropython_heap_lock
                0x000000000800d108        0xa build/py/modmicropython.o
 *fill*         0x000000000800d112        0x2 
 .text.mp_micropython_opt_level
                0x000000000800d114       0x20 build/py/modmicropython.o
 .text.mp_execute_bytecode
                0x000000000800d134      0xde8 build/py/vm.o
                0x000000000800d134                mp_execute_bytecode
 .text.mp_encode_uint
                0x000000000800df1c       0x42 build/py/bc.o
                0x000000000800df1c                mp_encode_uint
 .text.mp_decode_uint
                0x000000000800df5e       0x1c build/py/bc.o
                0x000000000800df5e                mp_decode_uint
 .text.mp_decode_uint_value
                0x000000000800df7a       0x10 build/py/bc.o
                0x000000000800df7a                mp_decode_uint_value
 .text.mp_decode_uint_skip
                0x000000000800df8a        0xa build/py/bc.o
                0x000000000800df8a                mp_decode_uint_skip
 .text.mp_setup_code_state
                0x000000000800df94      0x354 build/py/bc.o
                0x000000000800df94                mp_setup_code_state
 .text.str_startswith_word
                0x000000000800e2e8       0x32 build/py/repl.o
 *fill*         0x000000000800e31a        0x2 
 .text.test_qstr
                0x000000000800e31c       0x30 build/py/repl.o
 .text.mp_repl_continue_with_input
                0x000000000800e34c      0x164 build/py/repl.o
                0x000000000800e34c                mp_repl_continue_with_input
 .text.mp_repl_autocomplete
                0x000000000800e4b0      0x21c build/py/repl.o
                0x000000000800e4b0                mp_repl_autocomplete
 .text.mp_small_int_mul_overflow
                0x000000000800e6cc       0x46 build/py/smallint.o
                0x000000000800e6cc                mp_small_int_mul_overflow
 .text.mp_small_int_modulo
                0x000000000800e712       0x1c build/py/smallint.o
                0x000000000800e712                mp_small_int_modulo
 .text.mp_small_int_floor_divide
                0x000000000800e72e       0x1c build/py/smallint.o
                0x000000000800e72e                mp_small_int_floor_divide
 *fill*         0x000000000800e74a        0x2 
 .text.mp_find_frozen_module
                0x000000000800e74c       0x6c build/py/frozenmod.o
                0x000000000800e74c                mp_find_frozen_module
 .text.scalbnf  0x000000000800e7b8       0x76 build/lib/libm/math.o
                0x000000000800e7b8                scalbnf
 *fill*         0x000000000800e82e        0x2 
 .text.powf     0x000000000800e830      0x6ac build/lib/libm/math.o
                0x000000000800e830                powf
 .text.expf     0x000000000800eedc      0x164 build/lib/libm/math.o
                0x000000000800eedc                expf
 .text.logf     0x000000000800f040      0x148 build/lib/libm/math.o
                0x000000000800f040                logf
 .text.floorf   0x000000000800f188       0x64 build/lib/libm/math.o
                0x000000000800f188                floorf
 .text.fmodf    0x000000000800f1ec       0xce build/lib/libm/fmodf.o
                0x000000000800f1ec                fmodf
 .text.nearbyintf
                0x000000000800f2ba       0x46 build/lib/libm/nearbyintf.o
                0x000000000800f2ba                nearbyintf
 .text.sqrtf    0x000000000800f300       0x9e build/lib/libm/ef_sqrt.o
                0x000000000800f300                sqrtf
 *fill*         0x000000000800f39e        0x2 
 .text.__kernel_rem_pio2f
                0x000000000800f3a0      0x560 build/lib/libm/kf_rem_pio2.o
                0x000000000800f3a0                __kernel_rem_pio2f
 .text.__kernel_sinf
                0x000000000800f900       0xec build/lib/libm/kf_sin.o
                0x000000000800f900                __kernel_sinf
 .text.__kernel_cosf
                0x000000000800f9ec      0x100 build/lib/libm/kf_cos.o
                0x000000000800f9ec                __kernel_cosf
 .text.__ieee754_rem_pio2f
                0x000000000800faec      0x2b8 build/lib/libm/ef_rem_pio2.o
                0x000000000800faec                __ieee754_rem_pio2f
 .text.sinf     0x000000000800fda4       0x74 build/lib/libm/sf_sin.o
                0x000000000800fda4                sinf
 .text.cosf     0x000000000800fe18       0x70 build/lib/libm/sf_cos.o
                0x000000000800fe18                cosf
 .text.atanf    0x000000000800fe88      0x1bc build/lib/libm/atanf.o
                0x000000000800fe88                atanf
 .text.atan2f   0x0000000008010044      0x10c build/lib/libm/atan2f.o
                0x0000000008010044                atan2f
 .text.Default_Handler
                0x0000000008010150        0x2 build/main.o
                0x0000000008010150                Default_Handler
 *fill*         0x0000000008010152        0x2 
 .text.startup.main
                0x0000000008010154       0x38 build/main.o
                0x0000000008010154                main
 .text.gc_collect
                0x000000000801018c       0x24 build/main.o
                0x000000000801018c                gc_collect
 .text.mp_lexer_new_from_file
                0x00000000080101b0        0x8 build/main.o
                0x00000000080101b0                mp_lexer_new_from_file
 .text.mp_import_stat
                0x00000000080101b8        0x4 build/main.o
                0x00000000080101b8                mp_import_stat
 .text.nlr_jump_fail
                0x00000000080101bc        0x2 build/main.o
                0x00000000080101bc                nlr_jump_fail
 .text.stm32_init
                0x00000000080101be       0x16 build/main.o
                0x00000000080101be                stm32_init
 .text._start   0x00000000080101d4       0x10 build/main.o
                0x00000000080101d4                _start
 .text.Reset_Handler
                0x00000000080101e4       0x54 build/main.o
                0x00000000080101e4                Reset_Handler
 .text.mp_hal_stdin_rx_chr
                0x0000000008010238        0x4 build/uart_core.o
                0x0000000008010238                mp_hal_stdin_rx_chr
 .text.mp_hal_stdout_tx_strn
                0x000000000801023c        0x6 build/uart_core.o
                0x000000000801023c                mp_hal_stdout_tx_strn
 *fill*         0x0000000008010242        0x2 
 .text.NVICInit.part.0.isra.0
                0x0000000008010244       0x48 build/STdriver.o
 .text.RCCDeInit
                0x000000000801028c       0x48 build/STdriver.o
                0x000000000801028c                RCCDeInit
 .text.RCCGetClocksFreq
                0x00000000080102d4       0x88 build/STdriver.o
                0x00000000080102d4                RCCGetClocksFreq
 .text.RCCPCLK1Config
                0x000000000801035c       0x14 build/STdriver.o
                0x000000000801035c                RCCPCLK1Config
 .text.RCCPCLK2Config
                0x0000000008010370       0x14 build/STdriver.o
                0x0000000008010370                RCCPCLK2Config
 .text.RCCHCLKConfig
                0x0000000008010384       0x14 build/STdriver.o
                0x0000000008010384                RCCHCLKConfig
 .text.RCCSYSCLKConfig
                0x0000000008010398       0x14 build/STdriver.o
                0x0000000008010398                RCCSYSCLKConfig
 .text.FnClockConfigInit
                0x00000000080103ac       0x90 build/STdriver.o
                0x00000000080103ac                FnClockConfigInit
 .text.GPIOInit
                0x000000000801043c       0x84 build/STdriver.o
                0x000000000801043c                GPIOInit
 .text.FnGPIOInit
                0x00000000080104c0       0x28 build/STdriver.o
                0x00000000080104c0                FnGPIOInit
 .text.USARTInit
                0x00000000080104e8       0xac build/STdriver.o
                0x00000000080104e8                USARTInit
 .text.FnSerialInit
                0x0000000008010594      0x100 build/STdriver.o
                0x0000000008010594                FnSerialInit
 .text.STprint  0x0000000008010694       0x1c build/STdriver.o
                0x0000000008010694                STprint
 .text.STReceive
                0x00000000080106b0       0x1c build/STdriver.o
                0x00000000080106b0                STReceive
 .text.STBlink  0x00000000080106cc       0x3c build/STdriver.o
                0x00000000080106cc                STBlink
 .text.strn_print_strn
                0x0000000008010708       0x22 build/shared/libc/printf.o
 *fill*         0x000000000801072a        0x2 
 .text.printf   0x000000000801072c       0x20 build/shared/libc/printf.o
                0x000000000801072c                printf
 .text.vsnprintf
                0x000000000801074c       0x34 build/shared/libc/printf.o
                0x000000000801074c                vsnprintf
 .text.snprintf
                0x0000000008010780       0x1a build/shared/libc/printf.o
                0x0000000008010780                snprintf
 *fill*         0x000000000801079a        0x2 
 .text.mp_hal_move_cursor_back