
Discarded input sections

 .text          0x0000000000000000        0x0 build/py/mpstate.o
 .data          0x0000000000000000        0x0 build/py/mpstate.o
 .bss           0x0000000000000000        0x0 build/py/mpstate.o
 .text          0x0000000000000000        0x0 build/py/nlr.o
 .data          0x0000000000000000        0x0 build/py/nlr.o
 .bss           0x0000000000000000        0x0 build/py/nlr.o
 .text          0x0000000000000000        0x0 build/py/nlrx86.o
 .data          0x0000000000000000        0x0 build/py/nlrx86.o
 .bss           0x0000000000000000        0x0 build/py/nlrx86.o
 .debug_info    0x0000000000000000       0x72 build/py/nlrx86.o
 .debug_abbrev  0x0000000000000000       0x26 build/py/nlrx86.o
 .debug_aranges
                0x0000000000000000       0x18 build/py/nlrx86.o
 .debug_line    0x0000000000000000       0x1d build/py/nlrx86.o
 .debug_str     0x0000000000000000      0x1a5 build/py/nlrx86.o
 .comment       0x0000000000000000       0x34 build/py/nlrx86.o
 .ARM.attributes
                0x0000000000000000       0x37 build/py/nlrx86.o
 .text          0x0000000000000000        0x0 build/py/nlrx64.o
 .data          0x0000000000000000        0x0 build/py/nlrx64.o
 .bss           0x0000000000000000        0x0 build/py/nlrx64.o
 .debug_info    0x0000000000000000       0x72 build/py/nlrx64.o
 .debug_abbrev  0x0000000000000000       0x26 build/py/nlrx64.o
 .debug_aranges
                0x0000000000000000       0x18 build/py/nlrx64.o
 .debug_line    0x0000000000000000       0x1d build/py/nlrx64.o
 .debug_str     0x0000000000000000      0x1a5 build/py/nlrx64.o
 .comment       0x0000000000000000       0x34 build/py/nlrx64.o
 .ARM.attributes
                0x0000000000000000       0x37 build/py/nlrx64.o
 .text          0x0000000000000000        0x0 build/py/nlrthumb.o
 .data          0x0000000000000000        0x0 build/py/nlrthumb.o
 .bss           0x0000000000000000        0x0 build/py/nlrthumb.o
 .text          0x0000000000000000        0x0 build/py/nlraarch64.o
 .data          0x0000000000000000        0x0 build/py/nlraarch64.o
 .bss           0x0000000000000000        0x0 build/py/nlraarch64.o
 .debug_info    0x0000000000000000       0x72 build/py/nlraarch64.o
 .debug_abbrev  0x0000000000000000       0x26 build/py/nlraarch64.o
 .debug_aranges
                0x0000000000000000       0x18 build/py/nlraarch64.o
 .debug_line    0x0000000000000000       0x1d build/py/nlraarch64.o
 .debug_str     0x0000000000000000      0x1a9 build/py/nlraarch64.o
 .comment       0x0000000000000000       0x34 build/py/nlraarch64.o
 .ARM.attributes
                0x0000000000000000       0x37 build/py/nlraarch64.o
 .text          0x0000000000000000        0x0 build/py/nlrpowerpc.o
 .data          0x0000000000000000        0x0 build/py/nlrpowerpc.o
 .bss           0x0000000000000000        0x0 build/py/nlrpowerpc.o
 .debug_info    0x0000000000000000       0x72 build/py/nlrpowerpc.o
 .debug_abbrev  0x0000000000000000       0x26 build/py/nlrpowerpc.o
 .debug_aranges
                0x0000000000000000       0x18 build/py/nlrpowerpc.o
 .debug_line    0x0000000000000000       0x1d build/py/nlrpowerpc.o
 .debug_str     0x0000000000000000      0x1a9 build/py/nlrpowerpc.o
 .comment       0x0000000000000000       0x34 build/py/nlrpowerpc.o
 .ARM.attributes
                0x0000000000000000       0x37 build/py/nlrpowerpc.o
 .text          0x0000000000000000        0x0 build/py/nlrxtensa.o
 .data          0x0000000000000000        0x0 build/py/nlrxtensa.o
 .bss           0x0000000000000000        0x0 build/py/nlrxtensa.o
 .debug_info    0x0000000000000000       0x72 build/py/nlrxtensa.o
 .debug_abbrev  0x0000000000000000       0x26 build/py/nlrxtensa.o
 .debug_aranges
                0x0000000000000000       0x18 build/py/nlrxtensa.o
 .debug_line    0x0000000000000000       0x1d build/py/nlrxtensa.o
 .debug_str     0x0000000000000000      0x1a8 build/py/nlrxtensa.o
 .comment       0x0000000000000000       0x34 build/py/nlrxtensa.o
 .ARM.attributes
                0x0000000000000000       0x37 build/py/nlrxtensa.o
 .text          0x0000000000000000        0x0 build/py/nlrsetjmp.o
 .data          0x0000000000000000        0x0 build/py/nlrsetjmp.o
 .bss           0x0000000000000000        0x0 build/py/nlrsetjmp.o
 .debug_info    0x0000000000000000       0x72 build/py/nlrsetjmp.o
 .debug_abbrev  0x0000000000000000       0x26 build/py/nlrsetjmp.o
 .debug_aranges
                0x0000000000000000       0x18 build/py/nlrsetjmp.o
 .debug_line    0x0000000000000000       0x1d build/py/nlrsetjmp.o
 .debug_str     0x0000000000000000      0x1a8 build/py/nlrsetjmp.o
 .comment       0x0000000000000000       0x34 build/py/nlrsetjmp.o
 .ARM.attributes
                0x0000000000000000       0x37 build/py/nlrsetjmp.o
 .text          0x0000000000000000        0x0 build/py/malloc.o
 .data          0x0000000000000000        0x0 build/py/malloc.o
 .bss           0x0000000000000000        0x0 build/py/malloc.o
[...]
Memory Configuration

Name             Origin             Length             Attributes
FLASH            0x0000000008000000 0x0000000000080000 xr
RAM              0x0000000020000000 0x0000000000020000 xrw
*default*        0x0000000000000000 0xffffffffffffffff

Linker script and memory map

                0x000000002001ffff                _estack = 0x2001ffff
                0x0000000000000200                _Min_Heap_Size = 0x200
                0x0000000000000400                _Min_Stack_Size = 0x400

.isr_vector     0x0000000008000000       0x40
                0x0000000008000000                . = ALIGN (0x4)
 *(.isr_vector)
 .isr_vector    0x0000000008000000       0x40 build/main.o
                0x0000000008000000                isr_vector
                0x0000000008000040                . = ALIGN (0x4)

.text           0x0000000008000040     0xd650
                0x0000000008000040                . = ALIGN (0x4)
 *(.text)
 *(.text*)
 .text.nlr_push_tail
                0x0000000008000040       0x10 build/py/nlr.o
                0x0000000008000040                nlr_push_tail
 .text.nlr_pop  0x0000000008000050       0x10 build/py/nlr.o
                0x0000000008000050                nlr_pop
 .text.nlr_push
                0x0000000008000060       0x24 build/py/nlrthumb.o
                0x0000000008000060                nlr_push
 .text.nlr_jump
                0x0000000008000084       0x3c build/py/nlrthumb.o
                0x0000000008000084                nlr_jump
 .text.m_malloc
                0x00000000080000c0       0x16 build/py/malloc.o
                0x00000000080000c0                m_malloc
 .text.m_malloc_maybe
                0x00000000080000d6        0x6 build/py/malloc.o
                0x00000000080000d6                m_malloc_maybe
 .text.m_malloc0
                0x00000000080000dc        0x4 build/py/malloc.o
                0x00000000080000dc                m_malloc0
 .text.m_realloc
                0x00000000080000e0       0x16 build/py/malloc.o
                0x00000000080000e0                m_realloc
 .text.m_realloc_maybe
                0x00000000080000f6        0x4 build/py/malloc.o
                0x00000000080000f6                m_realloc_maybe
 .text.m_free   0x00000000080000fa        0x4 build/py/malloc.o
                0x00000000080000fa                m_free
 *fill*         0x00000000080000fe        0x2 
 .text.gc_mark_subtree
                0x0000000008000100       0xac build/py/gc.o
 .text.gc_init  0x00000000080001ac       0x38 build/py/gc.o
                0x00000000080001ac                gc_init
 .text.gc_lock  0x00000000080001e4       0x10 build/py/gc.o
                0x00000000080001e4                gc_lock
 .text.gc_unlock
                0x00000000080001f4       0x10 build/py/gc.o
                0x00000000080001f4                gc_unlock
 .text.gc_is_locked
                0x0000000008000204       0x10 build/py/gc.o
                0x0000000008000204                gc_is_locked
 .text.gc_collect_root
                0x0000000008000214       0x68 build/py/gc.o
                0x0000000008000214                gc_collect_root
 .text.gc_collect_start
                0x000000000800027c       0x1c build/py/gc.o
                0x000000000800027c                gc_collect_start
 .text.gc_collect_end
                0x0000000008000298       0xb0 build/py/gc.o
                0x0000000008000298                gc_collect_end
 .text.gc_alloc
                0x0000000008000348      0x100 build/py/gc.o
                0x0000000008000348                gc_alloc
 .text.gc_free  0x0000000008000448       0x60 build/py/gc.o
                0x0000000008000448                gc_free
 .text.gc_realloc
                0x00000000080004a8      0x134 build/py/gc.o
                0x00000000080004a8                gc_realloc
 .text.find_qstr
                0x00000000080005dc       0x1c build/py/qstr.o
 .text.qstr_compute_hash
                0x00000000080005f8       0x20 build/py/qstr.o
                0x00000000080005f8                qstr_compute_hash
 .text.qstr_init
                0x0000000008000618       0x14 build/py/qstr.o
                0x0000000008000618                qstr_init
 .text.qstr_find_strn
                0x000000000800062c       0x58 build/py/qstr.o
                0x000000000800062c                qstr_find_strn
 .text.qstr_from_strn
                0x0000000008000684      0x11c build/py/qstr.o
                0x0000000008000684                qstr_from_strn
 .text.qstr_hash
                0x00000000080007a0       0x16 build/py/qstr.o
                0x00000000080007a0                qstr_hash
 .text.qstr_len
                0x00000000080007b6       0x16 build/py/qstr.o
                0x00000000080007b6                qstr_len
 .text.qstr_str
                0x00000000080007cc       0x18 build/py/qstr.o
                0x00000000080007cc                qstr_str
 .text.qstr_data
                0x00000000080007e4       0x1e build/py/qstr.o
                0x00000000080007e4                qstr_data
 *fill*         0x0000000008000802        0x2 
 .text.mp_decompress_rom_string
                0x0000000008000804       0x70 build/py/qstr.o
                0x0000000008000804                mp_decompress_rom_string
 .text.vstr_ensure_extra
                0x0000000008000874       0x38 build/py/vstr.o
 .text.vstr_add_strn
                0x00000000080008ac       0x24 build/py/vstr.o
                0x00000000080008ac                vstr_add_strn
 .text.vstr_ins_blank_bytes.constprop.0
                0x00000000080008d0       0x2e build/py/vstr.o
 .text.vstr_init
                0x00000000080008fe       0x1c build/py/vstr.o
                0x00000000080008fe                vstr_init
 .text.vstr_init_len
                0x000000000800091a       0x10 build/py/vstr.o
                0x000000000800091a                vstr_init_len
 .text.vstr_init_fixed_buf
                0x000000000800092a        0xe build/py/vstr.o
                0x000000000800092a                vstr_init_fixed_buf
 .text.vstr_init_print
                0x0000000008000938       0x18 build/py/vstr.o
                0x0000000008000938                vstr_init_print
 .text.vstr_clear
                0x0000000008000950       0x14 build/py/vstr.o
                0x0000000008000950                vstr_clear
 .text.vstr_extend
                0x0000000008000964       0x2c build/py/vstr.o
                0x0000000008000964                vstr_extend
 .text.vstr_add_len
                0x0000000008000990       0x16 build/py/vstr.o
                0x0000000008000990                vstr_add_len
 .text.vstr_null_terminated_str
                0x00000000080009a6       0x1e build/py/vstr.o
                0x00000000080009a6                vstr_null_terminated_str
 .text.vstr_add_byte
                0x00000000080009c4        0xe build/py/vstr.o
                0x00000000080009c4                vstr_add_byte
 .text.vstr_add_char
                0x00000000080009d2        0x6 build/py/vstr.o
                0x00000000080009d2                vstr_add_char
 .text.vstr_add_str
                0x00000000080009d8       0x1a build/py/vstr.o
                0x00000000080009d8                vstr_add_str
 .text.vstr_ins_byte
                0x00000000080009f2        0xc build/py/vstr.o
                0x00000000080009f2                vstr_ins_byte
 .text.vstr_ins_char
                0x00000000080009fe        0xc build/py/vstr.o
                0x00000000080009fe                vstr_ins_char
 .text.vstr_cut_tail_bytes
                0x0000000008000a0a        0xe build/py/vstr.o
                0x0000000008000a0a                vstr_cut_tail_bytes
 .text.vstr_cut_out_bytes
                0x0000000008000a18       0x2c build/py/vstr.o
                0x0000000008000a18                vstr_cut_out_bytes
 .text.plat_print_strn
                0x0000000008000a44        0x8 build/py/mpprint.o
 .text.mp_print_str
                0x0000000008000a4c       0x1e build/py/mpprint.o
                0x0000000008000a4c                mp_print_str
 *fill*         0x0000000008000a6a        0x2 
 .text.mp_print_strn
                0x0000000008000a6c       0xbc build/py/mpprint.o
                0x0000000008000a6c                mp_print_strn
 .text.mp_print_int
                0x0000000008000b28       0xc4 build/py/mpprint.o
 .text.mp_print_mp_int
                0x0000000008000bec      0x22c build/py/mpprint.o
                0x0000000008000bec                mp_print_mp_int
 .text.mp_vprintf
                0x0000000008000e18      0x260 build/py/mpprint.o
                0x0000000008000e18                mp_vprintf
 .text.mp_printf
                0x0000000008001078       0x1a build/py/mpprint.o
                0x0000000008001078                mp_printf
 *fill*         0x0000000008001092        0x2 
 .text.unichar_isspace
                0x0000000008001094       0x14 build/py/unicode.o
                0x0000000008001094                unichar_isspace
 .text.unichar_isalpha
                0x00000000080010a8       0x14 build/py/unicode.o
                0x00000000080010a8                unichar_isalpha
 .text.unichar_isdigit
                0x00000000080010bc       0x14 build/py/unicode.o
                0x00000000080010bc                unichar_isdigit
 .text.unichar_isxdigit
                0x00000000080010d0       0x14 build/py/unicode.o
                0x00000000080010d0                unichar_isxdigit
 .text.unichar_isident
                0x00000000080010e4       0x24 build/py/unicode.o
                0x00000000080010e4                unichar_isident
 .text.unichar_isupper
                0x0000000008001108       0x14 build/py/unicode.o
                0x0000000008001108                unichar_isupper
 .text.unichar_islower
                0x000000000800111c       0x14 build/py/unicode.o
                0x000000000800111c                unichar_islower
 .text.unichar_tolower
                0x0000000008001130       0x10 build/py/unicode.o
                0x0000000008001130                unichar_tolower
 .text.unichar_toupper
                0x0000000008001140       0x10 build/py/unicode.o
                0x0000000008001140                unichar_toupper
 .text.unichar_xdigit_value
                0x0000000008001150        0xe build/py/unicode.o
                0x0000000008001150                unichar_xdigit_value
 .text.mp_reader_mem_readbyte
                0x000000000800115e       0x14 build/py/reader.o
 .text.mp_reader_mem_close
                0x0000000008001172       0x18 build/py/reader.o
 *fill*         0x000000000800118a        0x2 
 .text.mp_reader_new_mem
                0x000000000800118c       0x30 build/py/reader.o
                0x000000000800118c                mp_reader_new_mem
 .text.next_char
                0x00000000080011bc       0x60 build/py/lexer.o
 .text.skip_whitespace
                0x000000000800121c       0x60 build/py/lexer.o
 .text.is_string_or_bytes
                0x000000000800127c       0x4a build/py/lexer.o
 *fill*         0x00000000080012c6        0x2 
 .text.mp_lexer_to_next
                0x00000000080012c8      0x59c build/py/lexer.o
                0x00000000080012c8                mp_lexer_to_next
 .text.mp_lexer_new
                0x0000000008001864       0x7e build/py/lexer.o
                0x0000000008001864                mp_lexer_new
 .text.mp_lexer_new_from_str_len
                0x00000000080018e2       0x1c build/py/lexer.o
                0x00000000080018e2                mp_lexer_new_from_str_len
 .text.mp_lexer_free
                0x00000000080018fe       0x26 build/py/lexer.o
                0x00000000080018fe                mp_lexer_free
 .text.pop_result
                0x0000000008001924        0xe build/py/parse.o
 .text.parser_alloc
                0x0000000008001932       0x68 build/py/parse.o
 .text.push_result_node
                0x000000000800199a       0x2e build/py/parse.o
 .text.push_rule
                0x00000000080019c8       0x42 build/py/parse.o
 .text.push_rule_from_arg
                0x0000000008001a0a       0x10 build/py/parse.o
 *fill*         0x0000000008001a1a        0x2 
 .text.push_result_token.constprop.0
                0x0000000008001a1c       0xb4 build/py/parse.o
 .text.push_result_rule
                0x0000000008001ad0       0xaa build/py/parse.o
 .text.mp_parse_node_is_const_false
                0x0000000008001b7a       0x1c build/py/parse.o
                0x0000000008001b7a                mp_parse_node_is_const_false
 .text.mp_parse_node_is_const_true
                0x0000000008001b96       0x1c build/py/parse.o
                0x0000000008001b96                mp_parse_node_is_const_true
 .text.mp_parse_node_extract_list
                0x0000000008001bb2       0x26 build/py/parse.o
                0x0000000008001bb2                mp_parse_node_extract_list
 .text.mp_parse
                0x0000000008001bd8      0x38c build/py/parse.o
                0x0000000008001bd8                mp_parse
 .text.mp_parse_tree_clear
                0x0000000008001f64       0x12 build/py/parse.o
                0x0000000008001f64                mp_parse_tree_clear
 *fill*         0x0000000008001f76        0x2 
 .text.scope_new
                0x0000000008001f78       0x48 build/py/scope.o
                0x0000000008001f78                scope_new
 .text.scope_free
                0x0000000008001fc0       0x14 build/py/scope.o
                0x0000000008001fc0                scope_free
 .text.scope_find
                0x0000000008001fd4       0x20 build/py/scope.o
                0x0000000008001fd4                scope_find
 .text.scope_find_or_add_id
                0x0000000008001ff4       0x42 build/py/scope.o
                0x0000000008001ff4                scope_find_or_add_id
 .text.scope_find_global
                0x0000000008002036        0xe build/py/scope.o
                0x0000000008002036                scope_find_global
 .text.scope_check_to_close_over
                0x0000000008002044       0x4c build/py/scope.o
                0x0000000008002044                scope_check_to_close_over
 .text.apply_to_single_or_list
                0x0000000008002090       0x3e build/py/compile.o
 *fill*         0x00000000080020ce        0x2 
 .text.compile_del_stmt
                0x00000000080020d0       0x10 build/py/compile.o
 .text.compile_import_name
                0x00000000080020e0       0x10 build/py/compile.o
 .text.scope_new_and_link
                0x00000000080020f0       0x2a build/py/compile.o
 .text.compile_trailer_period
                0x000000000800211a        0xc build/py/compile.o
 .text.compile_const_object
                0x0000000008002126        0x8 build/py/compile.o
 .text.close_over_variables_etc
                0x000000000800212e       0xa6 build/py/compile.o
 .text.compile_funcdef_lambdef
                0x00000000080021d4       0x50 build/py/compile.o
 .text.compile_lambdef
                0x0000000008002224       0x2a build/py/compile.o
 .text.compile_funcdef_helper
                0x000000000800224e       0x2a build/py/compile.o
 .text.compile_increase_except_level
                0x0000000008002278       0x1e build/py/compile.o
 .text.compile_decrease_except_level
                0x0000000008002296        0xc build/py/compile.o
 .text.do_import_name
                0x00000000080022a2       0xec build/py/compile.o
 .text.compile_error_set_line
                0x000000000800238e       0x12 build/py/compile.o
 .text.compile_syntax_error
                0x00000000080023a0       0x28 build/py/compile.o
 .text.compile_star_expr
                0x00000000080023c8        0xc build/py/compile.o
 .text.compile_break_cont_stmt
                0x00000000080023d4       0x34 build/py/compile.o
 .text.compile_load_id
                0x0000000008002408       0x24 build/py/compile.o
 .text.compile_store_id
                0x000000000800242c       0x24 build/py/compile.o
 .text.compile_funcdef
                0x0000000008002450       0x18 build/py/compile.o
 .text.compile_import_from
                0x0000000008002468      0x10e build/py/compile.o
 .text.compile_dotted_as_name
                0x0000000008002576       0x2c build/py/compile.o
 *fill*         0x00000000080025a2        0x2 
 .text.compile_delete_id
                0x00000000080025a4       0x24 build/py/compile.o
 .text.compile_node
                0x00000000080025c8       0x70 build/py/compile.o
 .text.c_assign
                0x0000000008002638      0x164 build/py/compile.o
 .text.c_assign_tuple
                0x000000000800279c       0x80 build/py/compile.o
 .text.c_if_cond
                0x000000000800281c       0xf6 build/py/compile.o
 .text.compile_scope_comp_iter
                0x0000000008002912       0xac build/py/compile.o
 *fill*         0x00000000080029be        0x2 
 .text.compile_scope
                0x00000000080029c0      0x1b8 build/py/compile.o
 .text.compile_yield_expr
                0x0000000008002b78       0x6c build/py/compile.o
 .text.compile_dictorsetmaker_item
                0x0000000008002be4       0x18 build/py/compile.o
 .text.compile_trailer_bracket
                0x0000000008002bfc       0x16 build/py/compile.o
 .text.compile_while_stmt
                0x0000000008002c12       0x82 build/py/compile.o
 .text.compile_yield_stmt
                0x0000000008002c94       0x14 build/py/compile.o
 .text.compile_return_stmt
                0x0000000008002ca8       0x20 build/py/compile.o
 .text.c_del_stmt
                0x0000000008002cc8       0xe8 build/py/compile.o
 .text.compile_generic_tuple
                0x0000000008002db0       0x2e build/py/compile.o
 .text.compile_generic_all_nodes
                0x0000000008002dde       0x3c build/py/compile.o
 .text.compile_power
                0x0000000008002e1a       0x14 build/py/compile.o
 .text.compile_if_stmt
                0x0000000008002e2e       0xcc build/py/compile.o
 .text.compile_comprehension
                0x0000000008002efa       0x4c build/py/compile.o
 .text.compile_atom_paren
                0x0000000008002f46       0x32 build/py/compile.o
 .text.compile_atom_bracket
                0x0000000008002f78       0x60 build/py/compile.o
 .text.compile_trailer_paren_helper
                0x0000000008002fd8      0x124 build/py/compile.o
 .text.compile_classdef_helper
                0x00000000080030fc       0x50 build/py/compile.o
 .text.compile_classdef
                0x000000000800314c       0x18 build/py/compile.o
 .text.compile_trailer_paren
                0x0000000008003164        0xa build/py/compile.o
 *fill*         0x000000000800316e        0x2 
 .text.compile_decorated
                0x0000000008003170       0xe4 build/py/compile.o
 .text.compile_funcdef_lambdef_param
                0x0000000008003254       0xa8 build/py/compile.o
 .text.compile_atom_expr_normal
                0x00000000080032fc      0x11c build/py/compile.o
 .text.compile_term
                0x0000000008003418       0x3c build/py/compile.o
 .text.compile_binary_op
                0x0000000008003454       0x3c build/py/compile.o
 .text.compile_expr_stmt
                0x0000000008003490      0x10e build/py/compile.o
 .text.compile_factor_2
                0x000000000800359e       0x28 build/py/compile.o
 .text.compile_not_test_2
                0x00000000080035c6       0x16 build/py/compile.o
 .text.compile_or_and_test
                0x00000000080035dc       0x56 build/py/compile.o
 .text.compile_comparison
                0x0000000008003632       0xca build/py/compile.o
 .text.compile_test_if_expr
                0x00000000080036fc       0x58 build/py/compile.o
 .text.compile_for_stmt
                0x0000000008003754      0x274 build/py/compile.o
 .text.compile_with_stmt_helper
                0x00000000080039c8       0x82 build/py/compile.o
 .text.compile_with_stmt
                0x0000000008003a4a       0x22 build/py/compile.o
 .text.compile_try_except
                0x0000000008003a6c      0x180 build/py/compile.o
 .text.compile_try_finally
                0x0000000008003bec       0x70 build/py/compile.o
 .text.compile_try_stmt
                0x0000000008003c5c       0x68 build/py/compile.o
 .text.compile_raise_stmt
                0x0000000008003cc4       0x3c build/py/compile.o
 .text.compile_assert_stmt
                0x0000000008003d00       0x58 build/py/compile.o
 .text.compile_global_nonlocal_stmt
                0x0000000008003d58       0xc8 build/py/compile.o
 .text.compile_scope_func_lambda_param.constprop.0
                0x0000000008003e20       0x9c build/py/compile.o
 .text.compile_scope_func_param
                0x0000000008003ebc        0x8 build/py/compile.o
 .text.compile_scope_lambda_param
                0x0000000008003ec4        0x8 build/py/compile.o
 .text.compile_atom_brace
                0x0000000008003ecc       0xc8 build/py/compile.o
 .text.mp_compile
                0x0000000008003f94      0x324 build/py/compile.o
                0x0000000008003f94                mp_compile
 .text.strictly_equal
                0x00000000080042b8       0x64 build/py/emitcommon.o
 .text.mp_emit_common_use_qstr
                0x000000000800431c       0x2e build/py/emitcommon.o
                0x000000000800431c                mp_emit_common_use_qstr
 .text.mp_emit_common_use_const_obj
                0x000000000800434a       0x34 build/py/emitcommon.o
                0x000000000800434a                mp_emit_common_use_const_obj
 .text.mp_emit_common_get_id_for_modification
                0x000000000800437e       0x1e build/py/emitcommon.o
                0x000000000800437e                mp_emit_common_get_id_for_modification
 .text.mp_emit_common_id_op
                0x000000000800439c       0x4a build/py/emitcommon.o
                0x000000000800439c                mp_emit_common_id_op
 .text.emit_get_cur_to_write_code_info
                0x00000000080043e6       0x18 build/py/emitbc.o
 .text.emit_get_cur_to_write_bytecode
                0x00000000080043fe       0x24 build/py/emitbc.o
 .text.emit_write_bytecode_raw_byte
                0x0000000008004422        0xe build/py/emitbc.o
 .text.emit_bc_new
                0x0000000008004430        0xe build/py/emitbc.o
                0x0000000008004430                emit_bc_new
 .text.emit_bc_set_max_num_labels
                0x000000000800443e       0x10 build/py/emitbc.o
                0x000000000800443e                emit_bc_set_max_num_labels
 .text.emit_bc_free
                0x000000000800444e       0x14 build/py/emitbc.o
                0x000000000800444e                emit_bc_free
 *fill*         0x0000000008004462        0x2 
 .text.mp_emit_bc_start_pass
                0x0000000008004464      0x17c build/py/emitbc.o
                0x0000000008004464                mp_emit_bc_start_pass
 .text.mp_emit_bc_end_pass
                0x00000000080045e0       0xa0 build/py/emitbc.o
                0x00000000080045e0                mp_emit_bc_end_pass
 .text.mp_emit_bc_adjust_stack_size
                0x0000000008004680       0x18 build/py/emitbc.o
                0x0000000008004680                mp_emit_bc_adjust_stack_size
 .text.emit_write_bytecode_byte
                0x0000000008004698       0x12 build/py/emitbc.o
 *fill*         0x00000000080046aa        0x2 
 .text.emit_write_bytecode_byte_uint
                0x00000000080046ac       0x1c build/py/emitbc.o
 .text.emit_write_bytecode_byte_qstr
                0x00000000080046c8       0x20 build/py/emitbc.o
 .text.mp_emit_bc_load_global
                0x00000000080046e8        0xc build/py/emitbc.o
                0x00000000080046e8                mp_emit_bc_load_global
 .text.mp_emit_bc_store_global
                0x00000000080046f4        0xe build/py/emitbc.o
                0x00000000080046f4                mp_emit_bc_store_global
 .text.mp_emit_bc_delete_global
                0x0000000008004702        0xc build/py/emitbc.o
                0x0000000008004702                mp_emit_bc_delete_global
 .text.emit_write_bytecode_byte_child
                0x000000000800470e       0x20 build/py/emitbc.o
 .text.mp_emit_bc_delete_local
                0x000000000800472e        0xe build/py/emitbc.o
                0x000000000800472e                mp_emit_bc_delete_local
 .text.emit_bc_call_function_method_helper
                0x000000000800473c       0x20 build/py/emitbc.o
 .text.mp_emit_bc_load_local
                0x000000000800475c       0x28 build/py/emitbc.o
                0x000000000800475c                mp_emit_bc_load_local
 .text.mp_emit_bc_store_local
                0x0000000008004784       0x2c build/py/emitbc.o
                0x0000000008004784                mp_emit_bc_store_local
 .text.emit_write_bytecode_byte_label
                0x00000000080047b0       0x8c build/py/emitbc.o
 .text.mp_emit_bc_set_source_line
                0x000000000800483c        0x2 build/py/emitbc.o
                0x000000000800483c                mp_emit_bc_set_source_line
 .text.mp_emit_bc_label_assign
                0x000000000800483e       0x1c build/py/emitbc.o
                0x000000000800483e                mp_emit_bc_label_assign
 .text.mp_emit_bc_import
                0x000000000800485a       0x2e build/py/emitbc.o
                0x000000000800485a                mp_emit_bc_import
 .text.mp_emit_bc_load_const_tok
                0x0000000008004888       0x34 build/py/emitbc.o
                0x0000000008004888                mp_emit_bc_load_const_tok
 .text.mp_emit_bc_load_const_small_int
                0x00000000080048bc       0x88 build/py/emitbc.o
                0x00000000080048bc                mp_emit_bc_load_const_small_int
 .text.mp_emit_bc_load_const_str
                0x0000000008004944        0xa build/py/emitbc.o
                0x0000000008004944                mp_emit_bc_load_const_str
 .text.mp_emit_bc_load_const_obj
                0x000000000800494e       0x1a build/py/emitbc.o
                0x000000000800494e                mp_emit_bc_load_const_obj
 .text.mp_emit_bc_load_null
                0x0000000008004968        0x8 build/py/emitbc.o
                0x0000000008004968                mp_emit_bc_load_null
 .text.mp_emit_bc_load_method
                0x0000000008004970       0x16 build/py/emitbc.o
                0x0000000008004970                mp_emit_bc_load_method
 .text.mp_emit_bc_load_build_class
                0x0000000008004986        0x8 build/py/emitbc.o
                0x0000000008004986                mp_emit_bc_load_build_class
 .text.mp_emit_bc_dup_top
                0x000000000800498e        0x8 build/py/emitbc.o
                0x000000000800498e                mp_emit_bc_dup_top
 .text.mp_emit_bc_dup_top_two
                0x0000000008004996        0x8 build/py/emitbc.o
                0x0000000008004996                mp_emit_bc_dup_top_two
 .text.mp_emit_bc_pop_top
                0x000000000800499e        0xa build/py/emitbc.o
                0x000000000800499e                mp_emit_bc_pop_top
 .text.mp_emit_bc_rot_two
                0x00000000080049a8        0x8 build/py/emitbc.o
                0x00000000080049a8                mp_emit_bc_rot_two
 .text.mp_emit_bc_attr
                0x00000000080049b0       0x30 build/py/emitbc.o
                0x00000000080049b0                mp_emit_bc_attr
 .text.mp_emit_bc_rot_three
                0x00000000080049e0        0x8 build/py/emitbc.o
                0x00000000080049e0                mp_emit_bc_rot_three
 .text.mp_emit_bc_subscr
                0x00000000080049e8       0x2c build/py/emitbc.o
                0x00000000080049e8                mp_emit_bc_subscr
 .text.mp_emit_bc_jump
                0x0000000008004a14       0x14 build/py/emitbc.o
                0x0000000008004a14                mp_emit_bc_jump
 .text.mp_emit_bc_pop_jump_if
                0x0000000008004a28       0x12 build/py/emitbc.o
                0x0000000008004a28                mp_emit_bc_pop_jump_if
 .text.mp_emit_bc_jump_if_or_pop
                0x0000000008004a3a       0x12 build/py/emitbc.o
                0x0000000008004a3a                mp_emit_bc_jump_if_or_pop
 .text.mp_emit_bc_unwind_jump
                0x0000000008004a4c       0x5e build/py/emitbc.o
                0x0000000008004a4c                mp_emit_bc_unwind_jump
 .text.mp_emit_bc_setup_block
                0x0000000008004aaa       0x14 build/py/emitbc.o
                0x0000000008004aaa                mp_emit_bc_setup_block
 .text.mp_emit_bc_with_cleanup
                0x0000000008004abe       0x2a build/py/emitbc.o
                0x0000000008004abe                mp_emit_bc_with_cleanup
 .text.mp_emit_bc_end_finally
                0x0000000008004ae8        0xa build/py/emitbc.o
                0x0000000008004ae8                mp_emit_bc_end_finally
 .text.mp_emit_bc_get_iter
                0x0000000008004af2       0x10 build/py/emitbc.o
                0x0000000008004af2                mp_emit_bc_get_iter
 .text.mp_emit_bc_for_iter
                0x0000000008004b02        0xa build/py/emitbc.o
                0x0000000008004b02                mp_emit_bc_for_iter
 .text.mp_emit_bc_for_iter_end
                0x0000000008004b0c        0x8 build/py/emitbc.o
                0x0000000008004b0c                mp_emit_bc_for_iter_end
 .text.mp_emit_bc_pop_except_jump
                0x0000000008004b14       0x14 build/py/emitbc.o
                0x0000000008004b14                mp_emit_bc_pop_except_jump
 .text.mp_emit_bc_unary_op
                0x0000000008004b28        0xc build/py/emitbc.o
                0x0000000008004b28                mp_emit_bc_unary_op
 .text.mp_emit_bc_binary_op
                0x0000000008004b34       0x3a build/py/emitbc.o
                0x0000000008004b34                mp_emit_bc_binary_op
 .text.mp_emit_bc_build
                0x0000000008004b6e       0x16 build/py/emitbc.o
                0x0000000008004b6e                mp_emit_bc_build
 .text.mp_emit_bc_store_map
                0x0000000008004b84        0xa build/py/emitbc.o
                0x0000000008004b84                mp_emit_bc_store_map
 .text.mp_emit_bc_store_comp
                0x0000000008004b8e       0x14 build/py/emitbc.o
                0x0000000008004b8e                mp_emit_bc_store_comp
 .text.mp_emit_bc_unpack_sequence
                0x0000000008004ba2        0xa build/py/emitbc.o
                0x0000000008004ba2                mp_emit_bc_unpack_sequence
 .text.mp_emit_bc_unpack_ex
                0x0000000008004bac       0x12 build/py/emitbc.o
                0x0000000008004bac                mp_emit_bc_unpack_ex
 .text.mp_emit_bc_make_function
                0x0000000008004bbe       0x1a build/py/emitbc.o
                0x0000000008004bbe                mp_emit_bc_make_function
 .text.mp_emit_bc_make_closure
                0x0000000008004bd8       0x2c build/py/emitbc.o
                0x0000000008004bd8                mp_emit_bc_make_closure
 .text.mp_emit_bc_call_function
                0x0000000008004c04       0x16 build/py/emitbc.o
                0x0000000008004c04                mp_emit_bc_call_function
 .text.mp_emit_bc_call_method
                0x0000000008004c1a       0x18 build/py/emitbc.o
                0x0000000008004c1a                mp_emit_bc_call_method
 .text.mp_emit_bc_return_value
                0x0000000008004c32       0x14 build/py/emitbc.o
                0x0000000008004c32                mp_emit_bc_return_value
 .text.mp_emit_bc_raise_varargs
                0x0000000008004c46       0x16 build/py/emitbc.o
                0x0000000008004c46                mp_emit_bc_raise_varargs
 .text.mp_emit_bc_yield
                0x0000000008004c5c       0x1c build/py/emitbc.o
                0x0000000008004c5c                mp_emit_bc_yield
 .text.mp_emit_bc_start_except_handler
                0x0000000008004c78        0x6 build/py/emitbc.o
                0x0000000008004c78                mp_emit_bc_start_except_handler
 .text.mp_emit_bc_end_except_handler
                0x0000000008004c7e        0x8 build/py/emitbc.o
                0x0000000008004c7e                mp_emit_bc_end_except_handler
 .text.mp_parse_num_base
                0x0000000008004c86       0x76 build/py/parsenumbase.o
                0x0000000008004c86                mp_parse_num_base
 .text.raise_exc
                0x0000000008004cfc       0x20 build/py/parsenum.o
 .text.mp_parse_num_integer
                0x0000000008004d1c       0xf8 build/py/parsenum.o
                0x0000000008004d1c                mp_parse_num_integer
 .text.mp_parse_num_float
                0x0000000008004e14       0x1c build/py/parsenum.o
                0x0000000008004e14                mp_parse_num_float
 .text.mp_emit_glue_new_raw_code
                0x0000000008004e30       0x14 build/py/emitglue.o
                0x0000000008004e30                mp_emit_glue_new_raw_code
 .text.mp_emit_glue_assign_bytecode
                0x0000000008004e44       0x20 build/py/emitglue.o
                0x0000000008004e44                mp_emit_glue_assign_bytecode
 .text.mp_make_function_from_raw_code
                0x0000000008004e64       0x20 build/py/emitglue.o
                0x0000000008004e64                mp_make_function_from_raw_code
 .text.mp_make_closure_from_raw_code
                0x0000000008004e84       0x24 build/py/emitglue.o
                0x0000000008004e84                mp_make_closure_from_raw_code
 .text.type_get_iternext
                0x0000000008004ea8       0x38 build/py/runtime.o
 .text.mp_init  0x0000000008004ee0       0x38 build/py/runtime.o
                0x0000000008004ee0                mp_init
 .text.mp_deinit
                0x0000000008004f18        0x2 build/py/runtime.o
                0x0000000008004f18                mp_deinit
 *fill*         0x0000000008004f1a        0x2 
 .text.mp_load_build_class
                0x0000000008004f1c        0x8 build/py/runtime.o
                0x0000000008004f1c                mp_load_build_class
 .text.mp_store_name
                0x0000000008004f24       0x14 build/py/runtime.o
                0x0000000008004f24                mp_store_name
 .text.mp_delete_name
                0x0000000008004f38       0x14 build/py/runtime.o
                0x0000000008004f38                mp_delete_name
 .text.mp_store_global
                0x0000000008004f4c       0x14 build/py/runtime.o
                0x0000000008004f4c                mp_store_global
 .text.mp_delete_global
                0x0000000008004f60       0x14 build/py/runtime.o
                0x0000000008004f60                mp_delete_global
 .text.mp_convert_member_lookup
                0x0000000008004f74       0x54 build/py/runtime.o
                0x0000000008004f74                mp_convert_member_lookup
 .text.mp_load_method_maybe
                0x0000000008004fc8       0x7c build/py/runtime.o
                0x0000000008004fc8                mp_load_method_maybe
 .text.mp_load_method_protected
                0x0000000008005044       0x44 build/py/runtime.o
                0x0000000008005044                mp_load_method_protected
 .text.mp_import_name
                0x0000000008005088       0x22 build/py/runtime.o
                0x0000000008005088                mp_import_name
 .text.mp_import_all
                0x00000000080050aa       0x3c build/py/runtime.o
                0x00000000080050aa                mp_import_all
 .text.mp_raise_msg
                0x00000000080050e6       0x12 build/py/runtime.o
                0x00000000080050e6                mp_raise_msg
 .text.mp_load_global
                0x00000000080050f8       0x44 build/py/runtime.o
                0x00000000080050f8                mp_load_global
 .text.mp_load_name
                0x000000000800513c       0x30 build/py/runtime.o
                0x000000000800513c                mp_load_name
 .text.mp_load_method
                0x000000000800516c       0x20 build/py/runtime.o
                0x000000000800516c                mp_load_method
 .text.mp_load_attr
                0x000000000800518c       0x1a build/py/runtime.o
                0x000000000800518c                mp_load_attr
 *fill*         0x00000000080051a6        0x2 
 .text.mp_store_attr
                0x00000000080051a8       0x3c build/py/runtime.o
                0x00000000080051a8                mp_store_attr
 .text.mp_raise_msg_varg
                0x00000000080051e4       0x14 build/py/runtime.o
                0x00000000080051e4                mp_raise_msg_varg
 .text.mp_import_from
                0x00000000080051f8       0xb4 build/py/runtime.o
                0x00000000080051f8                mp_import_from
 .text.m_malloc_fail
                0x00000000080052ac       0x28 build/py/runtime.o
                0x00000000080052ac                m_malloc_fail
 .text.mp_raise_ValueError
                0x00000000080052d4       0x10 build/py/runtime.o
                0x00000000080052d4                mp_raise_ValueError
 .text.mp_raise_TypeError
                0x00000000080052e4       0x10 build/py/runtime.o
                0x00000000080052e4                mp_raise_TypeError
 .text.mp_unary_op
                0x00000000080052f4      0x108 build/py/runtime.o
                0x00000000080052f4                mp_unary_op
 .text.mp_call_function_n_kw
                0x00000000080053fc       0x34 build/py/runtime.o
                0x00000000080053fc                mp_call_function_n_kw
 .text.mp_call_function_0
                0x0000000008005430        0xa build/py/runtime.o
                0x0000000008005430                mp_call_function_0
 *fill*         0x000000000800543a        0x2 
 .text.mp_parse_compile_execute
                0x000000000800543c       0x64 build/py/runtime.o
                0x000000000800543c                mp_parse_compile_execute
 .text.mp_call_function_1
                0x00000000080054a0       0x14 build/py/runtime.o
                0x00000000080054a0                mp_call_function_1
 .text.mp_call_method_n_kw
                0x00000000080054b4       0x20 build/py/runtime.o
                0x00000000080054b4                mp_call_method_n_kw
 .text.mp_make_raise_obj
                0x00000000080054d4       0x38 build/py/runtime.o
                0x00000000080054d4                mp_make_raise_obj
 .text.mp_resume
                0x000000000800550c      0x108 build/py/runtime.o
                0x000000000800550c                mp_resume
 .text.mp_getiter
                0x0000000008005614       0x84 build/py/runtime.o
                0x0000000008005614                mp_getiter
 .text.mp_iternext_allow_raise
                0x0000000008005698       0x50 build/py/runtime.o
                0x0000000008005698                mp_iternext_allow_raise
 .text.mp_iternext
                0x00000000080056e8       0x84 build/py/runtime.o
                0x00000000080056e8                mp_iternext
 .text.mp_call_method_n_kw_var
                0x000000000800576c      0x29c build/py/runtime.o
                0x000000000800576c                mp_call_method_n_kw_var
 .text.mp_unpack_sequence
                0x0000000008005a08       0x88 build/py/runtime.o
                0x0000000008005a08                mp_unpack_sequence
 .text.mp_unpack_ex
                0x0000000008005a90      0x104 build/py/runtime.o
                0x0000000008005a90                mp_unpack_ex
 .text.mp_binary_op
                0x0000000008005b94      0x288 build/py/runtime.o
                0x0000000008005b94                mp_binary_op
 .text.mp_raise_NotImplementedError
                0x0000000008005e1c       0x10 build/py/runtime.o
                0x0000000008005e1c                mp_raise_NotImplementedError
 .text.mp_raise_type_arg
                0x0000000008005e2c       0x12 build/py/runtime.o
                0x0000000008005e2c                mp_raise_type_arg
 *fill*         0x0000000008005e3e        0x2 
 .text.mp_raise_StopIteration
                0x0000000008005e40       0x14 build/py/runtime.o
                0x0000000008005e40                mp_raise_StopIteration
 .text.mp_raise_OSError
                0x0000000008005e54       0x14 build/py/runtime.o
                0x0000000008005e54                mp_raise_OSError
 .text.mp_handle_pending
                0x0000000008005e68       0x20 build/py/scheduler.o
                0x0000000008005e68                mp_handle_pending
 .text.mp_arg_error_terse_mismatch
                0x0000000008005e88        0xc build/py/argcheck.o
                0x0000000008005e88                mp_arg_error_terse_mismatch
 .text.mp_arg_check_num_sig
                0x0000000008005e94       0x26 build/py/argcheck.o
                0x0000000008005e94                mp_arg_check_num_sig
 .text.mp_arg_parse_all
                0x0000000008005eba       0x9a build/py/argcheck.o
                0x0000000008005eba                mp_arg_parse_all
 .text.mp_map_init
                0x0000000008005f54       0x1a build/py/map.o
                0x0000000008005f54                mp_map_init
 .text.mp_map_init_fixed_table
                0x0000000008005f6e        0xe build/py/map.o
                0x0000000008005f6e                mp_map_init_fixed_table
 .text.mp_map_clear
                0x0000000008005f7c       0x24 build/py/map.o
                0x0000000008005f7c                mp_map_clear
 .text.mp_map_lookup
                0x0000000008005fa0      0x17c build/py/map.o
                0x0000000008005fa0                mp_map_lookup
 .text.mp_map_rehash
                0x000000000800611c       0x74 build/py/map.o
 .text.mp_identity
                0x0000000008006190        0x2 build/py/obj.o
                0x0000000008006190                mp_identity
 .text.mp_obj_malloc_helper
                0x0000000008006192        0xc build/py/obj.o
                0x0000000008006192                mp_obj_malloc_helper
 *fill*         0x000000000800619e        0x2 
 .text.mp_obj_get_type
                0x00000000080061a0       0x18 build/py/obj.o
                0x00000000080061a0                mp_obj_get_type
 .text.mp_obj_get_type_str
                0x00000000080061b8       0x10 build/py/obj.o
                0x00000000080061b8                mp_obj_get_type_str
 .text.mp_obj_print_helper
                0x00000000080061c8       0x30 build/py/obj.o
                0x00000000080061c8                mp_obj_print_helper
 .text.mp_obj_print_exception
                0x00000000080061f8       0x90 build/py/obj.o
                0x00000000080061f8                mp_obj_print_exception
 .text.mp_obj_is_callable
                0x0000000008006288       0x30 build/py/obj.o
                0x0000000008006288                mp_obj_is_callable
 .text.mp_obj_get_int
                0x00000000080062b8       0x3c build/py/obj.o
                0x00000000080062b8                mp_obj_get_int
 .text.mp_obj_get_int_truncated
                0x00000000080062f4       0x1c build/py/obj.o
                0x00000000080062f4                mp_obj_get_int_truncated
 .text.mp_obj_get_int_maybe
                0x0000000008006310       0x40 build/py/obj.o
                0x0000000008006310                mp_obj_get_int_maybe
 .text.mp_obj_get_array
                0x0000000008006350       0x38 build/py/obj.o
                0x0000000008006350                mp_obj_get_array
 .text.mp_get_index
                0x0000000008006388       0x60 build/py/obj.o
                0x0000000008006388                mp_get_index
 .text.mp_obj_id
                0x00000000080063e8       0x18 build/py/obj.o
                0x00000000080063e8                mp_obj_id
 .text.mp_obj_len_maybe
                0x0000000008006400       0x54 build/py/obj.o
                0x0000000008006400                mp_obj_len_maybe
 .text.mp_obj_is_true
                0x0000000008006454       0x52 build/py/obj.o
                0x0000000008006454                mp_obj_is_true
 *fill*         0x00000000080064a6        0x2 
 .text.mp_obj_equal_not_equal
                0x00000000080064a8       0xf4 build/py/obj.o
                0x00000000080064a8                mp_obj_equal_not_equal
 .text.mp_obj_equal
                0x000000000800659c       0x14 build/py/obj.o
                0x000000000800659c                mp_obj_equal
 .text.mp_obj_len
                0x00000000080065b0       0x14 build/py/obj.o
                0x00000000080065b0                mp_obj_len
 .text.mp_obj_subscr
                0x00000000080065c4       0x3c build/py/obj.o
                0x00000000080065c4                mp_obj_subscr
 .text.mp_get_buffer
                0x0000000008006600       0x20 build/py/obj.o
                0x0000000008006600                mp_get_buffer
 .text.mp_get_buffer_raise
                0x0000000008006620       0x14 build/py/obj.o
                0x0000000008006620                mp_get_buffer_raise
 .text.mp_generic_unary_op
                0x0000000008006634        0xe build/py/obj.o
                0x0000000008006634                mp_generic_unary_op
 .text.bool_binary_op
                0x0000000008006642       0x10 build/py/objbool.o
 .text.bool_unary_op
                0x0000000008006652       0x18 build/py/objbool.o
 *fill*         0x000000000800666a        0x2 
 .text.bool_print
                0x000000000800666c       0x14 build/py/objbool.o
 .text.bool_make_new
                0x0000000008006680       0x22 build/py/objbool.o
 .text.mp_call_method_self_n_kw
                0x00000000080066a2       0x6c build/py/objboundmeth.o
                0x00000000080066a2                mp_call_method_self_n_kw
 .text.bound_meth_call
                0x000000000800670e       0x16 build/py/objboundmeth.o
 .text.mp_obj_new_bound_meth
                0x0000000008006724       0x18 build/py/objboundmeth.o
                0x0000000008006724                mp_obj_new_bound_meth
 .text.mp_obj_new_cell
                0x000000000800673c       0x14 build/py/objcell.o
                0x000000000800673c                mp_obj_new_cell
 .text.closure_call
                0x0000000008006750       0x8e build/py/objclosure.o
 *fill*         0x00000000080067de        0x2 
 .text.mp_obj_new_closure
                0x00000000080067e0       0x34 build/py/objclosure.o
                0x00000000080067e0                mp_obj_new_closure
 .text.dict_view_getiter
                0x0000000008006814       0x1c build/py/objdict.o
 .text.dict_getiter
                0x0000000008006830       0x18 build/py/objdict.o
 .text.mp_ensure_not_fixed
                0x0000000008006848       0x10 build/py/objdict.o
 .text.dict_values
                0x0000000008006858       0x18 build/py/objdict.o
 .text.dict_get_helper
                0x0000000008006870       0x50 build/py/objdict.o
 .text.dict_setdefault
                0x00000000080068c0        0x6 build/py/objdict.o
 .text.dict_pop
                0x00000000080068c6        0x6 build/py/objdict.o
 .text.dict_get
                0x00000000080068cc        0x6 build/py/objdict.o
 .text.dict_clear
                0x00000000080068d2       0x12 build/py/objdict.o
 .text.dict_unary_op
                0x00000000080068e4       0x28 build/py/objdict.o
 .text.dict_iter_next
                0x000000000800690c       0x28 build/py/objdict.o
 .text.dict_view_it_iternext
                0x0000000008006934       0x36 build/py/objdict.o
 *fill*         0x000000000800696a        0x2 
 .text.dict_view_print
                0x000000000800696c       0x74 build/py/objdict.o
 .text.dict_print
                0x00000000080069e0       0x70 build/py/objdict.o
 .text.dict_popitem
                0x0000000008006a50       0x50 build/py/objdict.o
 .text.dict_binary_op
                0x0000000008006aa0       0x70 build/py/objdict.o
 .text.dict_view_binary_op
                0x0000000008006b10       0x1a build/py/objdict.o
 *fill*         0x0000000008006b2a        0x2 
 .text.dict_items
                0x0000000008006b2c       0x18 build/py/objdict.o
 .text.dict_keys
                0x0000000008006b44       0x18 build/py/objdict.o
 .text.mp_obj_is_dict_or_ordereddict
                0x0000000008006b5c       0x28 build/py/objdict.o
                0x0000000008006b5c                mp_obj_is_dict_or_ordereddict
 .text.dict_update
                0x0000000008006b84       0xe0 build/py/objdict.o
 .text.mp_obj_dict_get
                0x0000000008006c64       0x20 build/py/objdict.o
                0x0000000008006c64                mp_obj_dict_get
 .text.mp_obj_dict_init
                0x0000000008006c84       0x10 build/py/objdict.o
                0x0000000008006c84                mp_obj_dict_init
 .text.mp_obj_new_dict
                0x0000000008006c94       0x16 build/py/objdict.o
                0x0000000008006c94                mp_obj_new_dict
 .text.mp_obj_dict_make_new
                0x0000000008006caa       0x44 build/py/objdict.o
                0x0000000008006caa                mp_obj_dict_make_new
 .text.mp_obj_dict_copy
                0x0000000008006cee       0x30 build/py/objdict.o
                0x0000000008006cee                mp_obj_dict_copy
 .text.mp_obj_dict_len
                0x0000000008006d1e        0x6 build/py/objdict.o
                0x0000000008006d1e                mp_obj_dict_len
 .text.mp_obj_dict_store
                0x0000000008006d24       0x1c build/py/objdict.o
                0x0000000008006d24                mp_obj_dict_store
 .text.mp_obj_dict_delete
                0x0000000008006d40       0x18 build/py/objdict.o
                0x0000000008006d40                mp_obj_dict_delete
 .text.dict_subscr
                0x0000000008006d58       0x34 build/py/objdict.o
 .text.mp_obj_exception_make_new
                0x0000000008006d8c       0x68 build/py/objexcept.o
                0x0000000008006d8c                mp_obj_exception_make_new
 .text.decompress_error_text_maybe
                0x0000000008006df4       0x64 build/py/objexcept.o
 .text.mp_obj_exception_print
                0x0000000008006e58       0x78 build/py/objexcept.o
                0x0000000008006e58                mp_obj_exception_print
 .text.exc_add_strn
                0x0000000008006ed0       0x54 build/py/objexcept.o
 .text.mp_obj_is_native_exception_instance
                0x0000000008006f24       0x30 build/py/objexcept.o
                0x0000000008006f24                mp_obj_is_native_exception_instance
 .text.get_native_exception
                0x0000000008006f54       0x10 build/py/objexcept.o
 .text.mp_obj_exception_get_value
                0x0000000008006f64       0x1c build/py/objexcept.o
                0x0000000008006f64                mp_obj_exception_get_value
 .text.mp_obj_exception_attr
                0x0000000008006f80       0x3a build/py/objexcept.o
                0x0000000008006f80                mp_obj_exception_attr
 .text.mp_obj_new_exception
                0x0000000008006fba        0xa build/py/objexcept.o
                0x0000000008006fba                mp_obj_new_exception
 .text.mp_obj_new_exception_msg
                0x0000000008006fc4       0x48 build/py/objexcept.o
                0x0000000008006fc4                mp_obj_new_exception_msg
 .text.mp_obj_new_exception_msg_vlist
                0x000000000800700c       0xa8 build/py/objexcept.o
                0x000000000800700c                mp_obj_new_exception_msg_vlist
 .text.mp_obj_is_exception_type
                0x00000000080070b4       0x34 build/py/objexcept.o
                0x00000000080070b4                mp_obj_is_exception_type
 .text.mp_obj_is_exception_instance
                0x00000000080070e8        0xe build/py/objexcept.o
                0x00000000080070e8                mp_obj_is_exception_instance
 .text.mp_obj_exception_match
                0x00000000080070f6       0x20 build/py/objexcept.o
                0x00000000080070f6                mp_obj_exception_match
 .text.mp_obj_exception_add_traceback
                0x0000000008007116       0x5c build/py/objexcept.o
                0x0000000008007116                mp_obj_exception_add_traceback
 .text.mp_obj_exception_get_traceback
                0x0000000008007172       0x1a build/py/objexcept.o
                0x0000000008007172                mp_obj_exception_get_traceback
 .text.fun_builtin_0_call
                0x000000000800718c       0x16 build/py/objfun.o
 .text.fun_builtin_1_call
                0x00000000080071a2       0x1c build/py/objfun.o
 .text.fun_builtin_2_call
                0x00000000080071be       0x1e build/py/objfun.o
 .text.fun_builtin_3_call
                0x00000000080071dc       0x20 build/py/objfun.o
 .text.fun_bc_call
                0x00000000080071fc       0xcc build/py/objfun.o
 .text.fun_builtin_var_call
                0x00000000080072c8       0x44 build/py/objfun.o
 .text.mp_obj_fun_get_name
                0x000000000800730c       0x2c build/py/objfun.o
                0x000000000800730c                mp_obj_fun_get_name
 .text.mp_obj_new_fun_bc
                0x0000000008007338       0x5c build/py/objfun.o
                0x0000000008007338                mp_obj_new_fun_bc
 .text.gen_wrap_call
                0x0000000008007394       0x70 build/py/objgenerator.o
 .text.gen_instance_print
                0x0000000008007404       0x20 build/py/objgenerator.o
 .text.mp_obj_gen_resume
                0x0000000008007424       0xb0 build/py/objgenerator.o
                0x0000000008007424                mp_obj_gen_resume
 .text.gen_resume_and_raise
                0x00000000080074d4       0x3c build/py/objgenerator.o
 .text.gen_instance_throw
                0x0000000008007510       0x1e build/py/objgenerator.o
 .text.gen_instance_send
                0x000000000800752e        0x8 build/py/objgenerator.o
 .text.gen_instance_iternext
                0x0000000008007536        0xa build/py/objgenerator.o
 .text.gen_instance_close
                0x0000000008007540       0x4c build/py/objgenerator.o
 .text.it_iternext
                0x000000000800758c       0x54 build/py/objgetitemiter.o
 .text.mp_obj_new_getitem_iter
                0x00000000080075e0       0x1c build/py/objgetitemiter.o
                0x00000000080075e0                mp_obj_new_getitem_iter
 .text.mp_obj_int_unary_op
                0x00000000080075fc        0x4 build/py/objint.o
                0x00000000080075fc                mp_obj_int_unary_op
 .text.int_to_bytes
                0x0000000008007600       0x64 build/py/objint.o
 .text.mp_obj_int_make_new
                0x0000000008007664       0x94 build/py/objint.o
 .text.mp_int_format_size
                0x00000000080076f8       0x30 build/py/objint.o
                0x00000000080076f8                mp_int_format_size
 .text.mp_obj_int_formatted
                0x0000000008007728      0x104 build/py/objint.o
                0x0000000008007728                mp_obj_int_formatted
 .text.mp_obj_int_print
                0x000000000800782c       0x3c build/py/objint.o
                0x000000000800782c                mp_obj_int_print
 .text.mp_obj_int_sign
                0x0000000008007868       0x18 build/py/objint.o
                0x0000000008007868                mp_obj_int_sign
 .text.mp_obj_new_int_from_str_len
                0x0000000008007880       0x14 build/py/objint.o
                0x0000000008007880                mp_obj_new_int_from_str_len
 .text.mp_obj_new_int_from_ll
                0x0000000008007894       0x14 build/py/objint.o
                0x0000000008007894                mp_obj_new_int_from_ll
 .text.mp_obj_new_int_from_uint
                0x00000000080078a8       0x20 build/py/objint.o
                0x00000000080078a8                mp_obj_new_int_from_uint
 .text.int_from_bytes
                0x00000000080078c8       0x40 build/py/objint.o
 .text.mp_obj_new_int
                0x0000000008007908       0x24 build/py/objint.o
                0x0000000008007908                mp_obj_new_int
 .text.mp_obj_int_get_truncated
                0x000000000800792c        0x4 build/py/objint.o
                0x000000000800792c                mp_obj_int_get_truncated
 .text.mp_obj_int_get_checked
                0x0000000008007930        0x4 build/py/objint.o
                0x0000000008007930                mp_obj_int_get_checked
 .text.mp_obj_int_binary_op_extra_cases
                0x0000000008007934       0x64 build/py/objint.o
                0x0000000008007934                mp_obj_int_binary_op_extra_cases
 .text.mp_obj_int_binary_op
                0x0000000008007998        0x4 build/py/objint.o
                0x0000000008007998                mp_obj_int_binary_op
 .text.list_unary_op
                0x000000000800799c       0x22 build/py/objlist.o
 *fill*         0x00000000080079be        0x2 
 .text.list_getiter
                0x00000000080079c0       0x1c build/py/objlist.o
 .text.list_reverse
                0x00000000080079dc       0x2e build/py/objlist.o
 .text.list_it_iternext
                0x0000000008007a0a       0x1c build/py/objlist.o
 *fill*         0x0000000008007a26        0x2 
 .text.list_pop
                0x0000000008007a28       0x7c build/py/objlist.o
 .text.list_index
                0x0000000008007aa4       0x12 build/py/objlist.o
 .text.mp_obj_list_remove
                0x0000000008007ab6       0x20 build/py/objlist.o
                0x0000000008007ab6                mp_obj_list_remove
 .text.list_clear
                0x0000000008007ad6       0x22 build/py/objlist.o
 .text.mp_obj_list_append
                0x0000000008007af8       0x42 build/py/objlist.o
                0x0000000008007af8                mp_obj_list_append
 .text.list_extend_from_iter
                0x0000000008007b3a       0x22 build/py/objlist.o
 .text.list_insert
                0x0000000008007b5c       0x40 build/py/objlist.o
 .text.list_count
                0x0000000008007b9c        0xa build/py/objlist.o
 *fill*         0x0000000008007ba6        0x2 
 .text.list_print
                0x0000000008007ba8       0x4c build/py/objlist.o
 .text.mp_quicksort
                0x0000000008007bf4       0xc4 build/py/objlist.o
 .text.mp_obj_list_sort
                0x0000000008007cb8       0x50 build/py/objlist.o
                0x0000000008007cb8                mp_obj_list_sort
 .text.list_extend
                0x0000000008007d08       0x70 build/py/objlist.o
 .text.mp_obj_list_init
                0x0000000008007d78       0x38 build/py/objlist.o
                0x0000000008007d78                mp_obj_list_init
 .text.list_new
                0x0000000008007db0       0x16 build/py/objlist.o
 *fill*         0x0000000008007dc6        0x2 
 .text.list_binary_op
                0x0000000008007dc8       0xcc build/py/objlist.o
 .text.mp_obj_list_make_new
                0x0000000008007e94       0x2c build/py/objlist.o
                0x0000000008007e94                mp_obj_list_make_new
 .text.mp_obj_new_list
                0x0000000008007ec0       0x24 build/py/objlist.o
                0x0000000008007ec0                mp_obj_new_list
 .text.list_copy
                0x0000000008007ee4        0x8 build/py/objlist.o
 .text.mp_obj_list_get
                0x0000000008007eec        0xa build/py/objlist.o
                0x0000000008007eec                mp_obj_list_get
 .text.mp_obj_list_set_len
                0x0000000008007ef6        0x4 build/py/objlist.o
                0x0000000008007ef6                mp_obj_list_set_len
 .text.mp_obj_list_store
                0x0000000008007efa       0x1a build/py/objlist.o
                0x0000000008007efa                mp_obj_list_store
 .text.list_subscr
                0x0000000008007f14       0x36 build/py/objlist.o
 .text.map_iternext
                0x0000000008007f4a       0x4a build/py/objmap.o
 .text.map_make_new
                0x0000000008007f94       0x50 build/py/objmap.o
 .text.module_attr
                0x0000000008007fe4       0x3c build/py/objmodule.o
 .text.module_print
                0x0000000008008020       0x34 build/py/objmodule.o
 .text.mp_obj_new_module
                0x0000000008008054       0x44 build/py/objmodule.o
                0x0000000008008054                mp_obj_new_module
 .text.mp_module_get_loaded_or_builtin
                0x0000000008008098       0x2c build/py/objmodule.o
                0x0000000008008098                mp_module_get_loaded_or_builtin
 .text.object_make_new
                0x00000000080080c4       0x1a build/py/objobject.o
 .text.polymorph_it_iternext
                0x00000000080080de        0x4 build/py/objpolyiter.o
 *fill*         0x00000000080080e2        0x2 
 .text.none_print
                0x00000000080080e4        0xc build/py/objnone.o
 .text.range_it_iternext
                0x00000000080080f0       0x2c build/py/objrange.o
 .text.range_unary_op
                0x000000000800811c       0x3a build/py/objrange.o
 *fill*         0x0000000008008156        0x2 
 .text.range_getiter
                0x0000000008008158       0x1c build/py/objrange.o
 .text.range_print
                0x0000000008008174       0x3c build/py/objrange.o
 .text.range_make_new
                0x00000000080081b0       0x60 build/py/objrange.o
 .text.range_subscr
                0x0000000008008210       0x42 build/py/objrange.o
 *fill*         0x0000000008008252        0x2 
 .text.singleton_print
                0x0000000008008254        0xc build/py/objsingleton.o
 .text.arg_looks_integer
                0x0000000008008260       0x28 build/py/objstr.o
 .text.mp_obj_new_str_iterator
                0x0000000008008288       0x1c build/py/objstr.o
 .text.mp_obj_new_bytes_iterator
                0x00000000080082a4       0x1c build/py/objstr.o
 .text.bytes_it_iternext
                0x00000000080082c0       0x3a build/py/objstr.o
 *fill*         0x00000000080082fa        0x2 
 .text.terse_str_format_value_error
                0x00000000080082fc        0xc build/py/objstr.o
 .text.str_check_arg_type
                0x0000000008008308       0x1c build/py/objstr.o
 .text.mp_obj_new_str_type_from_vstr
                0x0000000008008324       0x68 build/py/objstr.o
 .text.str_caseconv
                0x000000000800838c       0x56 build/py/objstr.o
 *fill*         0x00000000080083e2        0x2 
 .text.str_lower
                0x00000000080083e4        0xc build/py/objstr.o
 .text.str_upper
                0x00000000080083f0        0xc build/py/objstr.o
 .text.str_join
                0x00000000080083fc      0x108 build/py/objstr.o
 .text.str_uni_istype
                0x0000000008008504       0x80 build/py/objstr.o
 .text.str_isspace
                0x0000000008008584        0xc build/py/objstr.o
 .text.str_isalpha
                0x0000000008008590        0xc build/py/objstr.o
 .text.str_isdigit
                0x000000000800859c        0xc build/py/objstr.o
 .text.str_isupper
                0x00000000080085a8        0xc build/py/objstr.o
 .text.str_islower
                0x00000000080085b4        0xc build/py/objstr.o
 .text.str_to_int
                0x00000000080085c0       0x30 build/py/objstr.o
 .text.mp_obj_str_get_buffer
                0x00000000080085f0       0x34 build/py/objstr.o
                0x00000000080085f0                mp_obj_str_get_buffer
 .text.mp_str_print_quoted
                0x0000000008008624       0xc8 build/py/objstr.o
                0x0000000008008624                mp_str_print_quoted
 .text.str_print
                0x00000000080086ec       0x6c build/py/objstr.o
 .text.find_subbytes
                0x0000000008008758       0x42 build/py/objstr.o
                0x0000000008008758                find_subbytes
 *fill*         0x000000000800879a        0x2 
 .text.mp_obj_str_binary_op
                0x000000000800879c      0x160 build/py/objstr.o
                0x000000000800879c                mp_obj_str_binary_op
 .text.str_replace
                0x00000000080088fc      0x152 build/py/objstr.o
 *fill*         0x0000000008008a4e        0x2 
 .text.str_finder
                0x0000000008008a50       0xcc build/py/objstr.o
 .text.str_find
                0x0000000008008b1c        0x8 build/py/objstr.o
 .text.str_rfind
                0x0000000008008b24        0xa build/py/objstr.o
 .text.str_index
                0x0000000008008b2e        0x8 build/py/objstr.o
 .text.str_rindex
                0x0000000008008b36        0xa build/py/objstr.o
 .text.mp_obj_new_str_copy
                0x0000000008008b40       0x38 build/py/objstr.o
                0x0000000008008b40                mp_obj_new_str_copy
 .text.mp_obj_new_str_via_qstr
                0x0000000008008b78        0xe build/py/objstr.o
                0x0000000008008b78                mp_obj_new_str_via_qstr
 *fill*         0x0000000008008b86        0x2 
 .text.bytes_subscr
                0x0000000008008b88       0x5c build/py/objstr.o
 .text.str_it_iternext
                0x0000000008008be4       0x3c build/py/objstr.o
 .text.mp_obj_new_str_from_vstr
                0x0000000008008c20        0xc build/py/objstr.o
                0x0000000008008c20                mp_obj_new_str_from_vstr
 .text.mp_obj_new_bytes_from_vstr
                0x0000000008008c2c        0xc build/py/objstr.o
                0x0000000008008c2c                mp_obj_new_bytes_from_vstr
 .text.mp_obj_new_str
                0x0000000008008c38       0x28 build/py/objstr.o
                0x0000000008008c38                mp_obj_new_str
 .text.mp_obj_str_make_new
                0x0000000008008c60       0xc4 build/py/objstr.o
                0x0000000008008c60                mp_obj_str_make_new
 .text.mp_obj_new_bytes
                0x0000000008008d24       0x10 build/py/objstr.o
                0x0000000008008d24                mp_obj_new_bytes
 .text.bytes_make_new
                0x0000000008008d34      0x114 build/py/objstr.o
 .text.mp_obj_new_str_of_type
                0x0000000008008e48       0x18 build/py/objstr.o
                0x0000000008008e48                mp_obj_new_str_of_type
 .text.str_uni_strip
                0x0000000008008e60      0x114 build/py/objstr.o
 .text.str_strip
                0x0000000008008f74        0xa build/py/objstr.o
 .text.str_lstrip
                0x0000000008008f7e        0xa build/py/objstr.o
 .text.str_rstrip
                0x0000000008008f88        0xa build/py/objstr.o
 .text.mp_obj_str_equal
                0x0000000008008f92       0x90 build/py/objstr.o
                0x0000000008008f92                mp_obj_str_equal
 *fill*         0x0000000008009022        0x2 
 .text.mp_obj_str_get_qstr
                0x0000000008009024       0x34 build/py/objstr.o
                0x0000000008009024                mp_obj_str_get_qstr
 .text.mp_obj_str_get_str
                0x0000000008009058       0x40 build/py/objstr.o
                0x0000000008009058                mp_obj_str_get_str
 .text.mp_obj_str_get_data
                0x0000000008009098       0x48 build/py/objstr.o
                0x0000000008009098                mp_obj_str_get_data
 .text.mp_obj_str_split
                0x00000000080090e0      0x140 build/py/objstr.o
                0x00000000080090e0                mp_obj_str_split
 .text.str_rsplit
                0x0000000008009220      0x10c build/py/objstr.o
 .text.str_startswith
                0x000000000800932c       0x72 build/py/objstr.o
 *fill*         0x000000000800939e        0x2 
 .text.str_endswith
                0x00000000080093a0       0x5c build/py/objstr.o
 .text.mp_obj_str_format_helper
                0x00000000080093fc      0x488 build/py/objstr.o
 .text.mp_obj_str_format
                0x0000000008009884       0x4c build/py/objstr.o
                0x0000000008009884                mp_obj_str_format
 .text.mp_obj_str_intern_checked
                0x00000000080098d0       0x14 build/py/objstr.o
                0x00000000080098d0                mp_obj_str_intern_checked
 .text.mp_obj_tuple_getiter
                0x00000000080098e4       0x1c build/py/objtuple.o
                0x00000000080098e4                mp_obj_tuple_getiter
 .text.tuple_it_iternext
                0x0000000008009900       0x1c build/py/objtuple.o
 .text.mp_obj_tuple_print
                0x000000000800991c       0x60 build/py/objtuple.o
                0x000000000800991c                mp_obj_tuple_print
 .text.tuple_index
                0x000000000800997c       0x10 build/py/objtuple.o
 .text.tuple_count
                0x000000000800998c        0xc build/py/objtuple.o
 .text.mp_obj_tuple_unary_op
                0x0000000008009998       0x54 build/py/objtuple.o
                0x0000000008009998                mp_obj_tuple_unary_op
 .text.mp_obj_tuple_subscr
                0x00000000080099ec       0x20 build/py/objtuple.o
                0x00000000080099ec                mp_obj_tuple_subscr
 .text.mp_obj_new_tuple
                0x0000000008009a0c       0x3c build/py/objtuple.o
                0x0000000008009a0c                mp_obj_new_tuple
 .text.mp_obj_tuple_make_new
                0x0000000008009a48       0x7c build/py/objtuple.o
 .text.mp_obj_tuple_binary_op
                0x0000000008009ac4       0xf4 build/py/objtuple.o
                0x0000000008009ac4                mp_obj_tuple_binary_op
 .text.mp_obj_tuple_get
                0x0000000008009bb8        0xa build/py/objtuple.o
                0x0000000008009bb8                mp_obj_tuple_get
 .text.mp_obj_tuple_del
                0x0000000008009bc2        0x4 build/py/objtuple.o
                0x0000000008009bc2                mp_obj_tuple_del
 *fill*         0x0000000008009bc6        0x2 
 .text.instance_count_native_bases
                0x0000000008009bc8       0x28 build/py/objtype.o
 .text.native_base_init_wrapper
                0x0000000008009bf0       0x36 build/py/objtype.o
 *fill*         0x0000000008009c26        0x2 
 .text.mp_obj_class_lookup
                0x0000000008009c28       0xac build/py/objtype.o
 .text.type_attr
                0x0000000008009cd4       0x60 build/py/objtype.o
 .text.super_attr
                0x0000000008009d34       0x64 build/py/objtype.o
 .text.type_call
                0x0000000008009d98       0x20 build/py/objtype.o
 .text.mp_obj_instance_getiter
                0x0000000008009db8       0x6a build/py/objtype.o
                0x0000000008009db8                mp_obj_instance_getiter
 .text.mp_obj_instance_attr
                0x0000000008009e22       0x8a build/py/objtype.o
 .text.type_print
                0x0000000008009eac        0xc build/py/objtype.o
 .text.static_class_method_make_new
                0x0000000008009eb8       0x20 build/py/objtype.o
 .text.super_make_new
                0x0000000008009ed8       0x3c build/py/objtype.o
 .text.instance_subscr
                0x0000000008009f14       0x74 build/py/objtype.o
 .text.instance_binary_op
                0x0000000008009f88       0x84 build/py/objtype.o
 .text.instance_unary_op
                0x000000000800a00c       0x9c build/py/objtype.o
 .text.super_print
                0x000000000800a0a8       0x40 build/py/objtype.o
 .text.instance_print
                0x000000000800a0e8       0x9c build/py/objtype.o
 .text.instance_get_buffer
                0x000000000800a184       0x4e build/py/objtype.o
 *fill*         0x000000000800a1d2        0x2 
 .text.mp_obj_instance_make_new
                0x000000000800a1d4      0x15c build/py/objtype.o
 .text.mp_obj_instance_call
                0x000000000800a330       0x5c build/py/objtype.o
                0x000000000800a330                mp_obj_instance_call
 .text.mp_obj_instance_is_callable
                0x000000000800a38c       0x32 build/py/objtype.o
                0x000000000800a38c                mp_obj_instance_is_callable
 *fill*         0x000000000800a3be        0x2 
 .text.mp_obj_new_type
                0x000000000800a3c0      0x16c build/py/objtype.o
                0x000000000800a3c0                mp_obj_new_type
 .text.type_make_new
                0x000000000800a52c       0x44 build/py/objtype.o
 .text.mp_load_super_method
                0x000000000800a570       0x24 build/py/objtype.o
                0x000000000800a570                mp_load_super_method
 .text.mp_obj_is_subclass_fast
                0x000000000800a594       0x30 build/py/objtype.o
                0x000000000800a594                mp_obj_is_subclass_fast
 .text.mp_obj_is_subclass
                0x000000000800a5c4       0x74 build/py/objtype.o
 .text.mp_builtin_issubclass
                0x000000000800a638       0x24 build/py/objtype.o
 .text.mp_builtin_isinstance
                0x000000000800a65c       0x12 build/py/objtype.o
 .text.mp_obj_cast_to_native_base
                0x000000000800a66e       0x20 build/py/objtype.o
                0x000000000800a66e                mp_obj_cast_to_native_base
 .text.zip_iternext
                0x000000000800a68e       0x48 build/py/objzip.o
 *fill*         0x000000000800a6d6        0x2 
 .text.zip_make_new
                0x000000000800a6d8       0x48 build/py/objzip.o
 .text.op_getitem
                0x000000000800a720       0x1e build/py/opmethods.o
 .text.op_setitem
                0x000000000800a73e       0x20 build/py/opmethods.o
 .text.op_delitem
                0x000000000800a75e       0x1e build/py/opmethods.o
 .text.mp_seq_multiply
                0x000000000800a77c       0x26 build/py/sequence.o
                0x000000000800a77c                mp_seq_multiply
 .text.mp_seq_cmp_bytes
                0x000000000800a7a2       0x68 build/py/sequence.o
                0x000000000800a7a2                mp_seq_cmp_bytes
 .text.mp_seq_cmp_objs
                0x000000000800a80a       0x96 build/py/sequence.o
                0x000000000800a80a                mp_seq_cmp_objs
 .text.mp_seq_index_obj
                0x000000000800a8a0       0x68 build/py/sequence.o
                0x000000000800a8a0                mp_seq_index_obj
 .text.mp_seq_count_obj
                0x000000000800a908       0x2e build/py/sequence.o
                0x000000000800a908                mp_seq_count_obj
 .text.mp_get_stream
                0x000000000800a936        0xc build/py/stream.o
 .text.stream_unbuffered_readline
                0x000000000800a942       0x8a build/py/stream.o
 .text.mp_stream_unbuffered_iter
                0x000000000800a9cc       0x1e build/py/stream.o
                0x000000000800a9cc                mp_stream_unbuffered_iter
 .text.mp_binary_set_int
                0x000000000800a9ea       0x2a build/py/binary.o
                0x000000000800a9ea                mp_binary_set_int
 .text.evaluate_relative_import
                0x000000000800aa14       0xd0 build/py/builtinimport.o
 .text.stat_path_or_frozen
                0x000000000800aae4       0x2c build/py/builtinimport.o
 .text.stat_dir_or_file
                0x000000000800ab10       0x30 build/py/builtinimport.o
 .text.do_load  0x000000000800ab40       0x9c build/py/builtinimport.o
 .text.mp_builtin___import___default
                0x000000000800abdc      0x160 build/py/builtinimport.o
                0x000000000800abdc                mp_builtin___import___default
 .text.mp_obj_is_package
                0x000000000800ad3c       0x18 build/py/builtinimport.o
                0x000000000800ad3c                mp_obj_is_package
 .text.eval_exec_helper
                0x000000000800ad54       0x74 build/py/builtinevex.o
 .text.mp_builtin_eval
                0x000000000800adc8        0x6 build/py/builtinevex.o
 .text.mp_builtin_exec
                0x000000000800adce        0x6 build/py/builtinevex.o
 .text.mp_builtin_globals
                0x000000000800add4        0xc build/py/modbuiltins.o
 .text.mp_builtin_locals
                0x000000000800ade0        0xc build/py/modbuiltins.o
 .text.mp_builtin___build_class__
                0x000000000800adec       0x6c build/py/modbuiltins.o
 .text.mp_builtin_abs
                0x000000000800ae58        0x8 build/py/modbuiltins.o
 .text.mp_builtin_hash
                0x000000000800ae60        0x8 build/py/modbuiltins.o
 .text.mp_builtin_iter
                0x000000000800ae68        0x6 build/py/modbuiltins.o
 .text.mp_builtin_all
                0x000000000800ae6e       0x24 build/py/modbuiltins.o
 .text.mp_builtin_any
                0x000000000800ae92       0x24 build/py/modbuiltins.o
 .text.mp_builtin_bin
                0x000000000800aeb6       0x1a build/py/modbuiltins.o
 .text.mp_builtin_hex
                0x000000000800aed0       0x1a build/py/modbuiltins.o
 .text.mp_builtin_oct
                0x000000000800aeea       0x1a build/py/modbuiltins.o
 .text.mp_builtin_callable
                0x000000000800af04       0x10 build/py/modbuiltins.o
 .text.mp_builtin_chr
                0x000000000800af14       0x28 build/py/modbuiltins.o
 .text.mp_builtin_divmod
                0x000000000800af3c        0xa build/py/modbuiltins.o
 .text.mp_builtin_sum
                0x000000000800af46       0x34 build/py/modbuiltins.o
 *fill*         0x000000000800af7a        0x2 
 .text.mp_builtin_ord
                0x000000000800af7c       0x28 build/py/modbuiltins.o
 .text.mp_builtin_pow
                0x000000000800afa4       0x20 build/py/modbuiltins.o
 .text.mp_builtin_print
                0x000000000800afc4       0x80 build/py/modbuiltins.o
 .text.mp_builtin_repr
                0x000000000800b044       0x24 build/py/modbuiltins.o
 .text.mp_builtin_round
                0x000000000800b068       0x34 build/py/modbuiltins.o
 .text.mp_builtin_sorted
                0x000000000800b09c       0x34 build/py/modbuiltins.o
 .text.mp_builtin_hasattr
                0x000000000800b0d0       0x24 build/py/modbuiltins.o
 .text.mp_builtin_getattr
                0x000000000800b0f4       0x3e build/py/modbuiltins.o
 .text.mp_builtin_setattr
                0x000000000800b132       0x1a build/py/modbuiltins.o
 .text.mp_builtin_next
                0x000000000800b14c       0x18 build/py/modbuiltins.o
 .text.mp_builtin___repl_print__
                0x000000000800b164       0x24 build/py/modbuiltins.o
 .text.mp_builtin_dir
                0x000000000800b188       0x6c build/py/modbuiltins.o
 .text.mp_micropython_heap_unlock
                0x000000000800b1f4       0x18 build/py/modmicropython.o
 .text.mp_micropython_heap_lock
                0x000000000800b20c        0xa build/py/modmicropython.o
 *fill*         0x000000000800b216        0x2 
 .text.mp_micropython_opt_level
                0x000000000800b218       0x20 build/py/modmicropython.o
 .text.mp_execute_bytecode
                0x000000000800b238      0xde8 build/py/vm.o
                0x000000000800b238                mp_execute_bytecode
 .text.mp_encode_uint
                0x000000000800c020       0x42 build/py/bc.o
                0x000000000800c020                mp_encode_uint
 .text.mp_decode_uint
                0x000000000800c062       0x1c build/py/bc.o
                0x000000000800c062                mp_decode_uint
 .text.mp_decode_uint_value
                0x000000000800c07e       0x10 build/py/bc.o
                0x000000000800c07e                mp_decode_uint_value
 .text.mp_decode_uint_skip
                0x000000000800c08e        0xa build/py/bc.o
                0x000000000800c08e                mp_decode_uint_skip
 .text.mp_setup_code_state
                0x000000000800c098      0x354 build/py/bc.o
                0x000000000800c098                mp_setup_code_state
 .text.str_startswith_word
                0x000000000800c3ec       0x32 build/py/repl.o
 *fill*         0x000000000800c41e        0x2 
 .text.test_qstr
                0x000000000800c420       0x30 build/py/repl.o
 .text.mp_repl_continue_with_input
                0x000000000800c450      0x164 build/py/repl.o
                0x000000000800c450                mp_repl_continue_with_input
 .text.mp_repl_autocomplete
                0x000000000800c5b4      0x21c build/py/repl.o
                0x000000000800c5b4                mp_repl_autocomplete
 .text.mp_small_int_mul_overflow
                0x000000000800c7d0       0x46 build/py/smallint.o
                0x000000000800c7d0                mp_small_int_mul_overflow
 .text.mp_small_int_modulo
                0x000000000800c816       0x1c build/py/smallint.o
                0x000000000800c816                mp_small_int_modulo
 .text.mp_small_int_floor_divide
                0x000000000800c832       0x1c build/py/smallint.o
                0x000000000800c832                mp_small_int_floor_divide
 *fill*         0x000000000800c84e        0x2 
 .text.mp_find_frozen_module
                0x000000000800c850       0x6c build/py/frozenmod.o
                0x000000000800c850                mp_find_frozen_module
 .text.Default_Handler
                0x000000000800c8bc        0x2 build/main.o
                0x000000000800c8bc                Default_Handler
 *fill*         0x000000000800c8be        0x2 
 .text.startup.main
                0x000000000800c8c0       0x38 build/main.o
                0x000000000800c8c0                main
 .text.gc_collect
                0x000000000800c8f8       0x24 build/main.o
                0x000000000800c8f8                gc_collect
 .text.mp_lexer_new_from_file
                0x000000000800c91c        0x8 build/main.o
                0x000000000800c91c                mp_lexer_new_from_file
 .text.mp_import_stat
                0x000000000800c924        0x4 build/main.o
                0x000000000800c924                mp_import_stat
 .text.nlr_jump_fail
                0x000000000800c928        0x2 build/main.o
                0x000000000800c928                nlr_jump_fail
 .text.stm32_init
                0x000000000800c92a       0x16 build/main.o
                0x000000000800c92a                stm32_init
 .text._start   0x000000000800c940       0x10 build/main.o
                0x000000000800c940                _start
 .text.Reset_Handler
                0x000000000800c950       0x54 build/main.o
                0x000000000800c950                Reset_Handler
 .text.mp_hal_stdin_rx_chr
                0x000000000800c9a4        0x4 build/uart_core.o
                0x000000000800c9a4                mp_hal_stdin_rx_chr
 .text.mp_hal_stdout_tx_strn
                0x000000000800c9a8        0x6 build/uart_core.o
                0x000000000800c9a8                mp_hal_stdout_tx_strn
 *fill*         0x000000000800c9ae        0x2 
 .text.NVICInit.part.0.isra.0
                0x000000000800c9b0       0x48 build/STdriver.o
 .text.RCCDeInit
                0x000000000800c9f8       0x48 build/STdriver.o
                0x000000000800c9f8                RCCDeInit
 .text.RCCGetClocksFreq
                0x000000000800ca40       0x88 build/STdriver.o
                0x000000000800ca40                RCCGetClocksFreq
 .text.RCCPCLK1Config
                0x000000000800cac8       0x14 build/STdriver.o
                0x000000000800cac8                RCCPCLK1Config
 .text.RCCPCLK2Config
                0x000000000800cadc       0x14 build/STdriver.o
                0x000000000800cadc                RCCPCLK2Config
 .text.RCCHCLKConfig
                0x000000000800caf0       0x14 build/STdriver.o
                0x000000000800caf0                RCCHCLKConfig
 .text.RCCSYSCLKConfig
                0x000000000800cb04       0x14 build/STdriver.o
                0x000000000800cb04                RCCSYSCLKConfig
 .text.FnClockConfigInit
                0x000000000800cb18       0x90 build/STdriver.o
                0x000000000800cb18                FnClockConfigInit
 .text.GPIOInit
                0x000000000800cba8       0x84 build/STdriver.o
                0x000000000800cba8                GPIOInit
 .text.FnGPIOInit
                0x000000000800cc2c       0x28 build/STdriver.o
                0x000000000800cc2c                FnGPIOInit
 .text.USARTInit
                0x000000000800cc54       0xac build/STdriver.o
                0x000000000800cc54                USARTInit
 .text.FnSerialInit
                0x000000000800cd00      0x100 build/STdriver.o
                0x000000000800cd00                FnSerialInit
 .text.STprint  0x000000000800ce00       0x1c build/STdriver.o
                0x000000000800ce00                STprint
 .text.STReceive
                0x000000000800ce1c       0x1c build/STdriver.o
                0x000000000800ce1c                STReceive
 .text.STBlink  0x000000000800ce38       0x3c build/STdriver.o
                0x000000000800ce38                STBlink
 .text.strn_print_strn
                0x000000000800ce74       0x22 build/shared/libc/printf.o
 *fill*         0x000000000800ce96        0x2 
 .text.printf   0x000000000800ce98       0x20 build/shared/libc/printf.o
                0x000000000800ce98                printf
 .text.vsnprintf
                0x000000000800ceb8       0x34 build/shared/libc/printf.o
                0x000000000800ceb8                vsnprintf
 .text.snprintf
                0x000000000800ceec       0x1a build/shared/libc/printf.o
                0x000000000800ceec                snprintf
 *fill*         0x000000000800cf06        0x2 
 .text.mp_hal_move_cursor_back
                0x000000000800cf08       0x44 build/shared/readline/readline.o
 .text.readline_init
                0x000000000800cf4c       0x24 build/shared/readline/readline.o
                0x000000000800cf4c                readline_init
 .text.readline_push_history
                0x000000000800cf70       0x48 build/shared/readline/readline.o
                0x000000000800cf70                readline_push_history
 .text.readline_process_char
                0x000000000800cfb8      0x29c build/shared/readline/readline.o
                0x000000000800cfb8                readline_process_char
 .text.readline
                0x000000000800d254       0x14 build/shared/readline/readline.o
                0x000000000800d254                readline
 .text.parse_compile_execute
                0x000000000800d268      0x11c build/shared/runtime/pyexec.o
 .text.pyexec_friendly_repl
                0x000000000800d384      0x13c build/shared/runtime/pyexec.o
                0x000000000800d384                pyexec_friendly_repl
 .text.mp_hal_stdout_tx_strn_cooked
                0x000000000800d4c0       0x44 build/shared/runtime/stdout_helpers.o
                0x000000000800d4c0                mp_hal_stdout_tx_strn_cooked
 .text.mp_hal_stdout_tx_str
                0x000000000800d504       0x14 build/shared/runtime/stdout_helpers.o
                0x000000000800d504                mp_hal_stdout_tx_str
 .text.memcpy   0x000000000800d518       0x50 build/shared/libc/string0.o
                0x000000000800d518                memcpy
 .text.memmove  0x000000000800d568       0x2c build/shared/libc/string0.o
                0x000000000800d568                memmove
 .text.memset   0x000000000800d594       0x44 build/shared/libc/string0.o
                0x000000000800d594                memset
 .text.memcmp   0x000000000800d5d8       0x24 build/shared/libc/string0.o
                0x000000000800d5d8                memcmp
 .text.strlen   0x000000000800d5fc        0xe build/shared/libc/string0.o
                0x000000000800d5fc                strlen
 .text.strcmp   0x000000000800d60a       0x2c build/shared/libc/string0.o
                0x000000000800d60a                strcmp
 .text.strncmp  0x000000000800d636       0x40 build/shared/libc/string0.o
                0x000000000800d636                strncmp
 .text.strchr   0x000000000800d676       0x1a build/shared/libc/string0.o
                0x000000000800d676                strchr
 *(.glue_7)
 .glue_7        0x000000000800d690        0x0 linker stubs
 *(.glue_7t)
 .glue_7t       0x000000000800d690        0x0 linker stubs
 *(.eh_frame)
 *(.init)
 *(.fini)
                0x000000000800d690                . = ALIGN (0x4)
                0x000000000800d690                _etext = .

.vfp11_veneer   0x000000000800d690        0x0
 .vfp11_veneer  0x000000000800d690        0x0 linker stubs

.v4_bx          0x000000000800d690        0x0
 .v4_bx         0x000000000800d690        0x0 linker stubs

.iplt           0x000000000800d690        0x0
 .iplt          0x000000000800d690        0x0 build/py/nlr.o

.rodata         0x000000000800d690     0x2f90
                0x000000000800d690                . = ALIGN (0x4)
 *(.rodata)
 *(.rodata*)
 .rodata.qstr_from_strn.str1.1
                0x000000000800d690        0x5 build/py/qstr.o
 .rodata.mp_decompress_rom_string.str1.1
                0x000000000800d695      0x2e4 build/py/qstr.o
 .rodata.str1.1
                0x000000000800d979      0x61c build/py/qstr.o
                                        0x691 (size before relaxing)
 .rodata.mp_qstr_const_hashes
                0x000000000800df95       0xd1 build/py/qstr.o
                0x000000000800df95                mp_qstr_const_hashes
 .rodata.mp_qstr_const_lengths
                0x000000000800e066       0xd1 build/py/qstr.o
                0x000000000800e066                mp_qstr_const_lengths
 *fill*         0x000000000800e137        0x1 
 .rodata.mp_qstr_const_pool
                0x000000000800e138      0x35c build/py/qstr.o
                0x000000000800e138                mp_qstr_const_pool
 .rodata.mp_print_mp_int.str1.1
                0x000000000800e494        0x1 build/py/mpprint.o
 .rodata.mp_vprintf.str1.1
                0x000000000800e494        0xb build/py/mpprint.o
 *fill*         0x000000000800e49f        0x1 
 .rodata.mp_plat_print
                0x000000000800e4a0        0x8 build/py/mpprint.o
                0x000000000800e4a0                mp_plat_print
 .rodata.pad_spaces
                0x000000000800e4a8       0x11 build/py/mpprint.o
 .rodata.pad_zeroes
                0x000000000800e4b9       0x11 build/py/mpprint.o
 .rodata.attr   0x000000000800e4ca       0x80 build/py/unicode.o
 .rodata.mp_lexer_to_next.str1.1
                0x000000000800e54a       0x56 build/py/lexer.o
 .rodata.str1.1
                0x000000000800e5a0       0x98 build/py/lexer.o
                                         0xbc (size before relaxing)
 .rodata.tok_enc_kind
                0x000000000800e638       0x2c build/py/lexer.o
 .rodata.tok_kw
                0x000000000800e664       0x88 build/py/lexer.o
 .rodata.mp_parse.str1.1
                0x000000000800e6ec       0x20 build/py/parse.o
 .rodata.rule_act_table
                0x000000000800e70c       0xa3 build/py/parse.o
 *fill*         0x000000000800e7af        0x1 
 .rodata.rule_arg_combined_table
                0x000000000800e7b0      0x348 build/py/parse.o
 .rodata.rule_arg_offset_table
                0x000000000800eaf8       0xa3 build/py/parse.o
 .rodata.scope_simple_name_table
                0x000000000800eb9b        0x7 build/py/scope.o
 .rodata.compile_star_expr.str1.1
                0x000000000800eba2        0xc build/py/compile.o
 .rodata.compile_break_cont_stmt.str1.1
                0x000000000800ebae        0x8 build/py/compile.o
 .rodata.c_assign.str1.1
                0x000000000800ebb6        0x6 build/py/compile.o
 .rodata.c_assign_tuple.str1.1
                0x000000000800ebbc        0x6 build/py/compile.o
 .rodata.compile_yield_expr.str1.1
                0x000000000800ebc2        0x5 build/py/compile.o
 .rodata.c_del_stmt.str1.1
                0x000000000800ebc7        0xa build/py/compile.o
 .rodata.compile_trailer_paren_helper.str1.1
                0x000000000800ebd1       0x26 build/py/compile.o
 .rodata.compile_decorated.str1.1
                0x000000000800ebf7       0x18 build/py/compile.o
 .rodata.compile_funcdef_lambdef_param.str1.1
                0x000000000800ec0f       0x17 build/py/compile.o
 .rodata.compile_atom_expr_normal.str1.1
                0x000000000800ec26        0xf build/py/compile.o
 .rodata.compile_try_except.str1.1
                0x000000000800ec35        0xa build/py/compile.o
 .rodata.compile_global_nonlocal_stmt.str1.1
                0x000000000800ec3f       0x26 build/py/compile.o
 .rodata.compile_scope_func_lambda_param.constprop.0.str1.1
                0x000000000800ec65        0xa build/py/compile.o
                                          0xe (size before relaxing)
 *fill*         0x000000000800ec6f        0x1 
 .rodata.compile_function
                0x000000000800ec70       0xd8 build/py/compile.o
 .rodata.mp_emit_bc_end_pass.str1.1
                0x000000000800ed48        0x4 build/py/emitbc.o
 .rodata.mp_emit_bc_method_table_delete_id_ops
                0x000000000800ed4c        0x8 build/py/emitbc.o
                0x000000000800ed4c                mp_emit_bc_method_table_delete_id_ops
 .rodata.mp_emit_bc_method_table_load_id_ops
                0x000000000800ed54        0x8 build/py/emitbc.o
                0x000000000800ed54                mp_emit_bc_method_table_load_id_ops
 .rodata.mp_emit_bc_method_table_store_id_ops
                0x000000000800ed5c        0x8 build/py/emitbc.o
                0x000000000800ed5c                mp_emit_bc_method_table_store_id_ops
 .rodata.mp_parse_num_integer.str1.1
                0x000000000800ed64       0x1c build/py/parsenum.o
 .rodata.mp_parse_num_float.str1.1
                0x000000000800ed80       0x13 build/py/parsenum.o
 .rodata.mp_load_global.str1.1
                0x000000000800ed93        0xb build/py/runtime.o
 .rodata.mp_load_method.str1.1
                0x000000000800ed9e        0x8 build/py/runtime.o
 .rodata.mp_import_from.str1.1
                0x000000000800eda6        0x6 build/py/runtime.o
 .rodata.m_malloc_fail.str1.1
                0x000000000800edac       0x18 build/py/runtime.o
 .rodata.mp_unary_op.str1.1
                0x000000000800edc4       0x1d build/py/runtime.o
 .rodata.mp_call_function_n_kw.str1.1
                0x000000000800ede1        0x5 build/py/runtime.o
 .rodata.mp_make_raise_obj.str1.1
                0x000000000800ede6       0x15 build/py/runtime.o
 .rodata.mp_resume.str1.1
                0x000000000800edfb        0xa build/py/runtime.o
 .rodata.mp_getiter.str1.1
                0x000000000800ee05        0xc build/py/runtime.o
 .rodata.mp_iternext_allow_raise.str1.1
                0x000000000800ee11        0xd build/py/runtime.o
 .rodata.mp_unpack_sequence.str1.1
                0x000000000800ee1e        0xd build/py/runtime.o
 .rodata.mp_binary_op.str1.1
                0x000000000800ee2b       0x28 build/py/runtime.o
 *fill*         0x000000000800ee53        0x1 
 .rodata.mp_module___main__
                0x000000000800ee54        0x8 build/py/runtime.o
                0x000000000800ee54                mp_module___main__
 .rodata.mp_arg_error_terse_mismatch.str1.1
                0x000000000800ee5c       0x15 build/py/argcheck.o
 *fill*         0x000000000800ee71        0x1 
 .rodata.hash_allocation_sizes
                0x000000000800ee72       0x44 build/py/map.o
 .rodata.mp_obj_print_helper.str1.1
                0x000000000800eeb6        0x5 build/py/obj.o